================================================================================
JCL 2.8 Testing Build 5677
==========RAD Studio 10.4 32 bit================================================
Installed personalities :
32 bit Delphi
64 bit Delphi
32 bit Delphi for OSX
64 bit Delphi for OSX
32 bit Delphi for Android
64 bit Delphi for Android
32 bit Delphi for iOS
64 bit Delphi for iOS
32 bit Delphi for iOSSimulator
64 bit Delphi for Linux
================================================================================
Multiple profile installation
Single profile installation
================================================================================
Saving conditional defines...
Loaded template for include file C:\Projetos\Componentes\JEDI\jcl\source\include\jcl.template.inc
Saved include file C:\Projetos\Componentes\JEDI\jcl\source\include\jcld27win32.inc
Building source\common library units for RAD Studio 10.4 32 bit...
"C:\Program Files (x86)\Embarcadero\Studio\21.0\bin\dcc32.exe" bzip2 Jcl8087 JclAbstractContainers JclAlgorithms JclAnsiStrings JclArrayLists JclArraySets JclBase JclBinaryTrees JclCharsets JclCompilerUtils JclComplex JclCompression JclContainerIntf JclCounter JclDateTime JclDevToolsResources JclExprEval JclFileUtils JclHashMaps JclHashSets JclIDEUtils JclIniFiles JclLinkedLists JclLogic JclMath JclMIDI JclMime JclNotify JclPCRE JclPreProcessorAlgorithmsTemplates JclPreProcessorArrayListsTemplates JclPreProcessorArraySetsTemplates JclPreProcessorBinaryTreesTemplates JclPreProcessorContainer1DTemplates JclPreProcessorContainer2DTemplates JclPreProcessorContainerIntfTemplates JclPreProcessorContainerKnownMaps JclPreProcessorContainerKnownTypes JclPreProcessorContainerTemplates JclPreProcessorContainerTypes JclPreProcessorExcDlgTemplates JclPreProcessorHashMapsTemplates JclPreProcessorHashSetsTemplates JclPreProcessorLexer JclPreProcessorLinkedListsTemplates JclPreProcessorParser JclPreProcessorQueuesTemplates JclPreProcessorSortedMapsTemplates JclPreProcessorStacksTemplates JclPreProcessorTemplates JclPreProcessorTreesTemplates JclPreProcessorVectorsTemplates JclQueues JclResources JclRTTI JclSchedule JclSimpleXml JclSortedMaps JclStacks JclStatistics JclStreams JclStrHashMap JclStringConversions JclStringLists JclStrings JclSynch JclSysInfo JclSysUtils JclTrees JclUnicode JclUnitConv JclUnitVersioning JclUnitVersioningProviders JclUsesUtils JclValidation JclVectors JclWideStrings pcre zlibh --no-config -U"C:\Program Files (x86)\Embarcadero\Studio\21.0\lib\Win32\release" -M -$X+ -$G+ -$H+ -$P+ -$U- -$T- -$V+ -$J+ -$Z1 -$L+ -$Y+ -$J+ -$C- -$D- -$I- -$O+ -$Q- -$R- -$W- -N0"C:\Projetos\Componentes\JEDI\jcl\lib\d27\win32" -ns"System;System.Win;WinAPI;Vcl;Vcl.Imaging" -I"C:\Projetos\Componentes\JEDI\jcl\source\include" -U"C:\Projetos\Componentes\JEDI\jcl\source\common;C:\Projetos\Componentes\JEDI\jcl\source\windows;C:\Projetos\Componentes\JEDI\jcl\source\vcl" -R"C:\Projetos\Componentes\JEDI\jcl\source\common;C:\Projetos\Componentes\JEDI\jcl\source\windows;C:\Projetos\Componentes\JEDI\jcl\source\vcl"
Embarcadero Delphi for Win32 compiler version 34.0
Copyright (c) 1983,2020 Embarcadero Technologies, Inc.
657314 lines, 3.83 seconds, 53088 bytes code, 16900 bytes data.
Building source\windows library units for RAD Studio 10.4 32 bit...
"C:\Program Files (x86)\Embarcadero\Studio\21.0\bin\dcc32.exe" Hardlinks JclAppInst JclCIL JclCLR JclCOM JclConsole JclCppException JclDebug JclDebugSerialization JclDebugXMLDeserializer JclDebugXMLSerializer JclDotNet JclHelpUtils JclHookExcept JclLANMan JclLocales JclMapi JclMetadata JclMiscel JclMsBuild JclMsdosSys JclMultimedia JclNTFS JclPeImage JclRegistry JclSecurity JclShell JclStructStorage JclSvcCtrl JclTask JclTD32 JclTimeZones JclWin32 JclWin32Ex JclWinMIDI mscoree_TLB mscorlib_TLB MSHelpServices_TLB MSTask sevenzip Snmp --no-config -U"C:\Program Files (x86)\Embarcadero\Studio\21.0\lib\Win32\release" -M -$X+ -$G+ -$H+ -$P+ -$U- -$T- -$V+ -$J+ -$Z1 -$L+ -$Y+ -$J+ -$C- -$D- -$I- -$O+ -$Q- -$R- -$W- -N0"C:\Projetos\Componentes\JEDI\jcl\lib\d27\win32" -ns"System;System.Win;WinAPI;Vcl;Vcl.Imaging" -I"C:\Projetos\Componentes\JEDI\jcl\source\include" -U"C:\Projetos\Componentes\JEDI\jcl\source\common;C:\Projetos\Componentes\JEDI\jcl\source\windows;C:\Projetos\Componentes\JEDI\jcl\source\vcl" -R"C:\Projetos\Componentes\JEDI\jcl\source\common;C:\Projetos\Componentes\JEDI\jcl\source\windows;C:\Projetos\Componentes\JEDI\jcl\source\vcl"
Embarcadero Delphi for Win32 compiler version 34.0
Copyright (c) 1983,2020 Embarcadero Technologies, Inc.
219052 lines, 1.23 seconds, 3843 bytes code, 596 bytes data.
Building source\vcl library units for RAD Studio 10.4 32 bit...
"C:\Program Files (x86)\Embarcadero\Studio\21.0\bin\dcc32.exe" JclFont JclGraphics JclGraphUtils JclOpenDialogFavorites JclOpenDialogHooks JclPrint JclVclResources JclVersionControl JclVersionCtrlCVSImpl JclVersionCtrlGITImpl JclVersionCtrlSVNImpl --no-config -U"C:\Program Files (x86)\Embarcadero\Studio\21.0\lib\Win32\release" -M -$X+ -$G+ -$H+ -$P+ -$U- -$T- -$V+ -$J+ -$Z1 -$L+ -$Y+ -$J+ -$C- -$D- -$I- -$O+ -$Q- -$R- -$W- -N0"C:\Projetos\Componentes\JEDI\jcl\lib\d27\win32" -ns"System;System.Win;WinAPI;Vcl;Vcl.Imaging" -I"C:\Projetos\Componentes\JEDI\jcl\source\include" -U"C:\Projetos\Componentes\JEDI\jcl\source\common;C:\Projetos\Componentes\JEDI\jcl\source\windows;C:\Projetos\Componentes\JEDI\jcl\source\vcl" -R"C:\Projetos\Componentes\JEDI\jcl\source\common;C:\Projetos\Componentes\JEDI\jcl\source\windows;C:\Projetos\Componentes\JEDI\jcl\source\vcl"
Embarcadero Delphi for Win32 compiler version 34.0
Copyright (c) 1983,2020 Embarcadero Technologies, Inc.
45375 lines, 0.84 seconds, 7239 bytes code, 24 bytes data.
Building source\common library debug units for RAD Studio 10.4 32 bit...
"C:\Program Files (x86)\Embarcadero\Studio\21.0\bin\dcc32.exe" bzip2 Jcl8087 JclAbstractContainers JclAlgorithms JclAnsiStrings JclArrayLists JclArraySets JclBase JclBinaryTrees JclCharsets JclCompilerUtils JclComplex JclCompression JclContainerIntf JclCounter JclDateTime JclDevToolsResources JclExprEval JclFileUtils JclHashMaps JclHashSets JclIDEUtils JclIniFiles JclLinkedLists JclLogic JclMath JclMIDI JclMime JclNotify JclPCRE JclPreProcessorAlgorithmsTemplates JclPreProcessorArrayListsTemplates JclPreProcessorArraySetsTemplates JclPreProcessorBinaryTreesTemplates JclPreProcessorContainer1DTemplates JclPreProcessorContainer2DTemplates JclPreProcessorContainerIntfTemplates JclPreProcessorContainerKnownMaps JclPreProcessorContainerKnownTypes JclPreProcessorContainerTemplates JclPreProcessorContainerTypes JclPreProcessorExcDlgTemplates JclPreProcessorHashMapsTemplates JclPreProcessorHashSetsTemplates JclPreProcessorLexer JclPreProcessorLinkedListsTemplates JclPreProcessorParser JclPreProcessorQueuesTemplates JclPreProcessorSortedMapsTemplates JclPreProcessorStacksTemplates JclPreProcessorTemplates JclPreProcessorTreesTemplates JclPreProcessorVectorsTemplates JclQueues JclResources JclRTTI JclSchedule JclSimpleXml JclSortedMaps JclStacks JclStatistics JclStreams JclStrHashMap JclStringConversions JclStringLists JclStrings JclSynch JclSysInfo JclSysUtils JclTrees JclUnicode JclUnitConv JclUnitVersioning JclUnitVersioningProviders JclUsesUtils JclValidation JclVectors JclWideStrings pcre zlibh --no-config -U"C:\Program Files (x86)\Embarcadero\Studio\21.0\lib\Win32\debug" -U"C:\Program Files (x86)\Embarcadero\Studio\21.0\lib\Win32\release" -M -$X+ -$G+ -$H+ -$P+ -$U- -$T- -$V+ -$J+ -$Z1 -$L+ -$Y+ -$J+ -$C+ -$D+ -$I+ -$O- -$Q+ -$R+ -$W+ -N0"C:\Projetos\Componentes\JEDI\jcl\lib\d27\win32\debug" -ns"System;System.Win;WinAPI;Vcl;Vcl.Imaging" -I"C:\Projetos\Componentes\JEDI\jcl\source\include" -U"C:\Projetos\Componentes\JEDI\jcl\source\common;C:\Projetos\Componentes\JEDI\jcl\source\windows;C:\Projetos\Componentes\JEDI\jcl\source\vcl" -R"C:\Projetos\Componentes\JEDI\jcl\source\common;C:\Projetos\Componentes\JEDI\jcl\source\windows;C:\Projetos\Componentes\JEDI\jcl\source\vcl"
Embarcadero Delphi for Win32 compiler version 34.0
Copyright (c) 1983,2020 Embarcadero Technologies, Inc.
657314 lines, 2.42 seconds, 53256 bytes code, 16900 bytes data.
Building source\windows library debug units for RAD Studio 10.4 32 bit...
"C:\Program Files (x86)\Embarcadero\Studio\21.0\bin\dcc32.exe" Hardlinks JclAppInst JclCIL JclCLR JclCOM JclConsole JclCppException JclDebug JclDebugSerialization JclDebugXMLDeserializer JclDebugXMLSerializer JclDotNet JclHelpUtils JclHookExcept JclLANMan JclLocales JclMapi JclMetadata JclMiscel JclMsBuild JclMsdosSys JclMultimedia JclNTFS JclPeImage JclRegistry JclSecurity JclShell JclStructStorage JclSvcCtrl JclTask JclTD32 JclTimeZones JclWin32 JclWin32Ex JclWinMIDI mscoree_TLB mscorlib_TLB MSHelpServices_TLB MSTask sevenzip Snmp --no-config -U"C:\Program Files (x86)\Embarcadero\Studio\21.0\lib\Win32\debug" -U"C:\Program Files (x86)\Embarcadero\Studio\21.0\lib\Win32\release" -M -$X+ -$G+ -$H+ -$P+ -$U- -$T- -$V+ -$J+ -$Z1 -$L+ -$Y+ -$J+ -$C+ -$D+ -$I+ -$O- -$Q+ -$R+ -$W+ -N0"C:\Projetos\Componentes\JEDI\jcl\lib\d27\win32\debug" -ns"System;System.Win;WinAPI;Vcl;Vcl.Imaging" -I"C:\Projetos\Componentes\JEDI\jcl\source\include" -U"C:\Projetos\Componentes\JEDI\jcl\source\common;C:\Projetos\Componentes\JEDI\jcl\source\windows;C:\Projetos\Componentes\JEDI\jcl\source\vcl" -R"C:\Projetos\Componentes\JEDI\jcl\source\common;C:\Projetos\Componentes\JEDI\jcl\source\windows;C:\Projetos\Componentes\JEDI\jcl\source\vcl"
Embarcadero Delphi for Win32 compiler version 34.0
Copyright (c) 1983,2020 Embarcadero Technologies, Inc.
219052 lines, 0.72 seconds, 3988 bytes code, 596 bytes data.
Building source\vcl library debug units for RAD Studio 10.4 32 bit...
"C:\Program Files (x86)\Embarcadero\Studio\21.0\bin\dcc32.exe" JclFont JclGraphics JclGraphUtils JclOpenDialogFavorites JclOpenDialogHooks JclPrint JclVclResources JclVersionControl JclVersionCtrlCVSImpl JclVersionCtrlGITImpl JclVersionCtrlSVNImpl --no-config -U"C:\Program Files (x86)\Embarcadero\Studio\21.0\lib\Win32\debug" -U"C:\Program Files (x86)\Embarcadero\Studio\21.0\lib\Win32\release" -M -$X+ -$G+ -$H+ -$P+ -$U- -$T- -$V+ -$J+ -$Z1 -$L+ -$Y+ -$J+ -$C+ -$D+ -$I+ -$O- -$Q+ -$R+ -$W+ -N0"C:\Projetos\Componentes\JEDI\jcl\lib\d27\win32\debug" -ns"System;System.Win;WinAPI;Vcl;Vcl.Imaging" -I"C:\Projetos\Componentes\JEDI\jcl\source\include" -U"C:\Projetos\Componentes\JEDI\jcl\source\common;C:\Projetos\Componentes\JEDI\jcl\source\windows;C:\Projetos\Componentes\JEDI\jcl\source\vcl" -R"C:\Projetos\Componentes\JEDI\jcl\source\common;C:\Projetos\Componentes\JEDI\jcl\source\windows;C:\Projetos\Componentes\JEDI\jcl\source\vcl"
Embarcadero Delphi for Win32 compiler version 34.0
Copyright (c) 1983,2020 Embarcadero Technologies, Inc.
45375 lines, 0.67 seconds, 7802 bytes code, 24 bytes data.
Building C:\Projetos\Componentes\JEDI\jcl\packages\d27\Jcl.dpk...
Cleaning package cache for Jcl270.bpl
Cleaning ok
Compiling package C:\Projetos\Componentes\JEDI\jcl\packages\d27\Jcl.dpk
"C:\Program Files (x86)\Embarcadero\Studio\21.0\bin\dcc32.exe" "C:\Projetos\Componentes\JEDI\jcl\packages\d27\Jcl.dpk" --no-config -U"C:\Program Files (x86)\Embarcadero\Studio\21.0\lib\Win32\release" -NU"..\..\lib\d27\win32" -I"..\..\lib\d27\win32;..\..\source\include;" -R"..\..\lib\d27\win32;..\..\source\include;" -DBCB;BCB;WIN32;CONDITIONALEXPRESSIONS;RELEASE;BCB;WIN32;CONDITIONALEXPRESSIONS;RELEASE -U"C:\Projetos\Componentes\JEDI\jcl\lib\d27\\win32\;C:\Users\Public\Documents\Embarcadero\Studio\21.0\Dcp;..\..\lib\d27\win32;..\..\source\include;" -LU"rtl;" -ns"System;System.Win;WinApi;Vcl;Vcl.Imaging;" -LN"C:\Projetos\Componentes\JEDI\jcl\lib\d27\\win32" -LE"C:\Users\Public\Documents\Embarcadero\Studio\21.0\Bpl"  -GD
Embarcadero Delphi for Win32 compiler version 34.0
Copyright (c) 1983,2020 Embarcadero Technologies, Inc.
128 lines, 0.31 seconds, 1818340 bytes code, 719216 bytes data.
Compilation success
...done.
Building C:\Projetos\Componentes\JEDI\jcl\packages\d27\JclContainers.dpk...
Cleaning package cache for JclContainers270.bpl
Cleaning ok
Compiling package C:\Projetos\Componentes\JEDI\jcl\packages\d27\JclContainers.dpk
"C:\Program Files (x86)\Embarcadero\Studio\21.0\bin\dcc32.exe" "C:\Projetos\Componentes\JEDI\jcl\packages\d27\JclContainers.dpk" --no-config -U"C:\Program Files (x86)\Embarcadero\Studio\21.0\lib\Win32\release" -NU"..\..\lib\d27\win32" -I"..\..\lib\d27\win32;..\..\source\include;" -R"..\..\lib\d27\win32;..\..\source\include;" -DBCB;BCB;WIN32;CONDITIONALEXPRESSIONS;RELEASE;BCB;WIN32;CONDITIONALEXPRESSIONS;RELEASE -U"C:\Projetos\Componentes\JEDI\jcl\lib\d27\\win32\;C:\Users\Public\Documents\Embarcadero\Studio\21.0\Dcp;..\..\lib\d27\win32;..\..\source\include;" -LU"rtl;Jcl;" -ns"System;System.Win;WinApi;Vcl;Vcl.Imaging;" -LN"C:\Projetos\Componentes\JEDI\jcl\lib\d27\\win32" -LE"C:\Users\Public\Documents\Embarcadero\Studio\21.0\Bpl"  -GD
Embarcadero Delphi for Win32 compiler version 34.0
Copyright (c) 1983,2020 Embarcadero Technologies, Inc.
69 lines, 0.30 seconds, 2156624 bytes code, 884 bytes data.
Compilation success
...done.
Building C:\Projetos\Componentes\JEDI\jcl\packages\d27\JclDeveloperTools.dpk...
Cleaning package cache for JclDeveloperTools270.bpl
Cleaning ok
Compiling package C:\Projetos\Componentes\JEDI\jcl\packages\d27\JclDeveloperTools.dpk
"C:\Program Files (x86)\Embarcadero\Studio\21.0\bin\dcc32.exe" "C:\Projetos\Componentes\JEDI\jcl\packages\d27\JclDeveloperTools.dpk" --no-config -U"C:\Program Files (x86)\Embarcadero\Studio\21.0\lib\Win32\release" -NU"..\..\lib\d27\win32" -I"..\..\lib\d27\win32;..\..\source\include;" -R"..\..\lib\d27\win32;..\..\source\include;" -DBCB;BCB;WIN32;CONDITIONALEXPRESSIONS;RELEASE;BCB;WIN32;CONDITIONALEXPRESSIONS;RELEASE -U"C:\Projetos\Componentes\JEDI\jcl\lib\d27\\win32\;C:\Users\Public\Documents\Embarcadero\Studio\21.0\Dcp;..\..\lib\d27\win32;..\..\source\include;" -LU"rtl;Jcl;JclContainers;" -ns"System;System.Win;WinApi;Vcl;Vcl.Imaging;" -LN"C:\Projetos\Componentes\JEDI\jcl\lib\d27\\win32" -LE"C:\Users\Public\Documents\Embarcadero\Studio\21.0\Bpl"  -GD
Embarcadero Delphi for Win32 compiler version 34.0
Copyright (c) 1983,2020 Embarcadero Technologies, Inc.
86 lines, 0.19 seconds, 514628 bytes code, 14752 bytes data.
Compilation success
...done.
Building C:\Projetos\Componentes\JEDI\jcl\packages\d27\JclVcl.dpk...
Cleaning package cache for JclVcl270.bpl
Cleaning ok
Compiling package C:\Projetos\Componentes\JEDI\jcl\packages\d27\JclVcl.dpk
"C:\Program Files (x86)\Embarcadero\Studio\21.0\bin\dcc32.exe" "C:\Projetos\Componentes\JEDI\jcl\packages\d27\JclVcl.dpk" --no-config -U"C:\Program Files (x86)\Embarcadero\Studio\21.0\lib\Win32\release" -NU"..\..\lib\d27\win32" -I"..\..\lib\d27\win32;..\..\source\include;" -R"..\..\lib\d27\win32;..\..\source\include;" -DBCB;BCB;WIN32;CONDITIONALEXPRESSIONS;RELEASE;BCB;WIN32;CONDITIONALEXPRESSIONS;RELEASE -U"C:\Projetos\Componentes\JEDI\jcl\lib\d27\\win32\;C:\Users\Public\Documents\Embarcadero\Studio\21.0\Dcp;..\..\lib\d27\win32;..\..\source\include;" -LU"rtl;vcl;vclimg;Jcl;" -ns"System;System.Win;WinApi;Vcl;Vcl.Imaging;" -LN"C:\Projetos\Componentes\JEDI\jcl\lib\d27\\win32" -LE"C:\Users\Public\Documents\Embarcadero\Studio\21.0\Bpl"  -GD
Embarcadero Delphi for Win32 compiler version 34.0
Copyright (c) 1983,2020 Embarcadero Technologies, Inc.
67 lines, 0.22 seconds, 141672 bytes code, 1692 bytes data.
Compilation success
...done.
Building C:\Projetos\Componentes\JEDI\jcl\packages\d27\JclBaseExpert.dpk...
Cleaning package cache for JclBaseExpert270.bpl
Cleaning ok
Compiling package C:\Projetos\Componentes\JEDI\jcl\packages\d27\JclBaseExpert.dpk
"C:\Program Files (x86)\Embarcadero\Studio\21.0\bin\dcc32.exe" "C:\Projetos\Componentes\JEDI\jcl\packages\d27\JclBaseExpert.dpk" --no-config -U"C:\Program Files (x86)\Embarcadero\Studio\21.0\lib\Win32\release" -NU"..\..\lib\d27\win32" -I"..\..\lib\d27\win32;..\..\source\include;" -R"..\..\lib\d27\win32;..\..\source\include;" -DBCB;BCB;WIN32;CONDITIONALEXPRESSIONS;RELEASE;BCB;WIN32;CONDITIONALEXPRESSIONS;RELEASE -U"C:\Projetos\Componentes\JEDI\jcl\lib\d27\\win32\;C:\Users\Public\Documents\Embarcadero\Studio\21.0\Dcp;..\..\lib\d27\win32;..\..\source\include;" -LU"rtl;vcl;vclx;designide;Jcl;JclDeveloperTools;" -ns"System;System.Win;WinApi;Vcl;Vcl.Imaging;" -LN"C:\Projetos\Componentes\JEDI\jcl\lib\d27\\win32" -LE"C:\Users\Public\Documents\Embarcadero\Studio\21.0\Bpl"  -GD
Embarcadero Delphi for Win32 compiler version 34.0
Copyright (c) 1983,2020 Embarcadero Technologies, Inc.
44143 lines, 0.62 seconds, 66800 bytes code, 588 bytes data.
Compilation success
...done.
Building C:\Projetos\Componentes\JEDI\jcl\packages\d27\JclDebugExpert.dpk...
Cleaning package cache for JclDebugExpert270.bpl
Cleaning ok
Compiling package C:\Projetos\Componentes\JEDI\jcl\packages\d27\JclDebugExpert.dpk
"C:\Program Files (x86)\Embarcadero\Studio\21.0\bin\dcc32.exe" "C:\Projetos\Componentes\JEDI\jcl\packages\d27\JclDebugExpert.dpk" --no-config -U"C:\Program Files (x86)\Embarcadero\Studio\21.0\lib\Win32\release" -NU"..\..\lib\d27\win32" -I"..\..\lib\d27\win32;..\..\source\include;" -R"..\..\lib\d27\win32;..\..\source\include;" -DBCB;BCB;WIN32;CONDITIONALEXPRESSIONS;RELEASE;BCB;WIN32;CONDITIONALEXPRESSIONS;RELEASE -U"C:\Projetos\Componentes\JEDI\jcl\lib\d27\\win32\;C:\Users\Public\Documents\Embarcadero\Studio\21.0\Dcp;..\..\lib\d27\win32;..\..\source\include;" -LU"rtl;vcl;designide;Jcl;JclBaseExpert;JclDeveloperTools;" -ns"System;System.Win;WinApi;Vcl;Vcl.Imaging;" -LN"C:\Projetos\Componentes\JEDI\jcl\lib\d27\\win32" -LE"C:\Users\Public\Documents\Embarcadero\Studio\21.0\Bpl"  -GD
Embarcadero Delphi for Win32 compiler version 34.0
Copyright (c) 1983,2020 Embarcadero Technologies, Inc.
8170 lines, 0.34 seconds, 40788 bytes code, 468 bytes data.
Compilation success
...done.
Building C:\Projetos\Componentes\JEDI\jcl\packages\d27\JclProjectAnalysisExpert.dpk...
Cleaning package cache for JclProjectAnalysisExpert270.bpl
Cleaning ok
Compiling package C:\Projetos\Componentes\JEDI\jcl\packages\d27\JclProjectAnalysisExpert.dpk
"C:\Program Files (x86)\Embarcadero\Studio\21.0\bin\dcc32.exe" "C:\Projetos\Componentes\JEDI\jcl\packages\d27\JclProjectAnalysisExpert.dpk" --no-config -U"C:\Program Files (x86)\Embarcadero\Studio\21.0\lib\Win32\release" -NU"..\..\lib\d27\win32" -I"..\..\lib\d27\win32;..\..\source\include;" -R"..\..\lib\d27\win32;..\..\source\include;" -DBCB;BCB;WIN32;CONDITIONALEXPRESSIONS;RELEASE;BCB;WIN32;CONDITIONALEXPRESSIONS;RELEASE -U"C:\Projetos\Componentes\JEDI\jcl\lib\d27\\win32\;C:\Users\Public\Documents\Embarcadero\Studio\21.0\Dcp;..\..\lib\d27\win32;..\..\source\include;" -LU"rtl;vcl;designide;Jcl;JclBaseExpert;" -ns"System;System.Win;WinApi;Vcl;Vcl.Imaging;" -LN"C:\Projetos\Componentes\JEDI\jcl\lib\d27\\win32" -LE"C:\Users\Public\Documents\Embarcadero\Studio\21.0\Bpl"  -GD
Embarcadero Delphi for Win32 compiler version 34.0
Copyright (c) 1983,2020 Embarcadero Technologies, Inc.
7055 lines, 0.30 seconds, 29360 bytes code, 328 bytes data.
Compilation success
...done.
Building C:\Projetos\Componentes\JEDI\jcl\packages\d27\JclFavoriteFoldersExpert.dpk...
Cleaning package cache for JclFavoriteFoldersExpert270.bpl
Cleaning ok
Compiling package C:\Projetos\Componentes\JEDI\jcl\packages\d27\JclFavoriteFoldersExpert.dpk
"C:\Program Files (x86)\Embarcadero\Studio\21.0\bin\dcc32.exe" "C:\Projetos\Componentes\JEDI\jcl\packages\d27\JclFavoriteFoldersExpert.dpk" --no-config -U"C:\Program Files (x86)\Embarcadero\Studio\21.0\lib\Win32\release" -NU"..\..\lib\d27\win32" -I"..\..\lib\d27\win32;..\..\source\include;" -R"..\..\lib\d27\win32;..\..\source\include;" -DBCB;BCB;WIN32;CONDITIONALEXPRESSIONS;RELEASE;BCB;WIN32;CONDITIONALEXPRESSIONS;RELEASE -U"C:\Projetos\Componentes\JEDI\jcl\lib\d27\\win32\;C:\Users\Public\Documents\Embarcadero\Studio\21.0\Dcp;..\..\lib\d27\win32;..\..\source\include;" -LU"rtl;vcl;designide;Jcl;JclVcl;JclBaseExpert;" -ns"System;System.Win;WinApi;Vcl;Vcl.Imaging;" -LN"C:\Projetos\Componentes\JEDI\jcl\lib\d27\\win32" -LE"C:\Users\Public\Documents\Embarcadero\Studio\21.0\Bpl"  -GD
Embarcadero Delphi for Win32 compiler version 34.0
Copyright (c) 1983,2020 Embarcadero Technologies, Inc.
3084 lines, 0.28 seconds, 10740 bytes code, 212 bytes data.
Compilation success
...done.
Building C:\Projetos\Componentes\JEDI\jcl\packages\d27\JclRepositoryExpert.dpk...
Cleaning package cache for JclRepositoryExpert270.bpl
Cleaning ok
Compiling package C:\Projetos\Componentes\JEDI\jcl\packages\d27\JclRepositoryExpert.dpk
"C:\Program Files (x86)\Embarcadero\Studio\21.0\bin\dcc32.exe" "C:\Projetos\Componentes\JEDI\jcl\packages\d27\JclRepositoryExpert.dpk" --no-config -U"C:\Program Files (x86)\Embarcadero\Studio\21.0\lib\Win32\release" -NU"..\..\lib\d27\win32" -I"..\..\lib\d27\win32;..\..\source\include;" -R"..\..\lib\d27\win32;..\..\source\include;" -DBCB;BCB;WIN32;CONDITIONALEXPRESSIONS;RELEASE;BCB;WIN32;CONDITIONALEXPRESSIONS;RELEASE -U"C:\Projetos\Componentes\JEDI\jcl\lib\d27\\win32\;C:\Users\Public\Documents\Embarcadero\Studio\21.0\Dcp;..\..\lib\d27\win32;..\..\source\include;" -LU"rtl;vcl;designide;Jcl;JclContainers;JclBaseExpert;JclDeveloperTools;" -ns"System;System.Win;WinApi;Vcl;Vcl.Imaging;" -LN"C:\Projetos\Componentes\JEDI\jcl\lib\d27\\win32" -LE"C:\Users\Public\Documents\Embarcadero\Studio\21.0\Bpl"  -GD
Embarcadero Delphi for Win32 compiler version 34.0
Copyright (c) 1983,2020 Embarcadero Technologies, Inc.
34018 lines, 0.53 seconds, 45916 bytes code, 480 bytes data.
Compilation success
...done.
Building C:\Projetos\Componentes\JEDI\jcl\packages\d27\JclSIMDViewExpert.dpk...
Cleaning package cache for JclSIMDViewExpert270.bpl
Cleaning ok
Compiling package C:\Projetos\Componentes\JEDI\jcl\packages\d27\JclSIMDViewExpert.dpk
"C:\Program Files (x86)\Embarcadero\Studio\21.0\bin\dcc32.exe" "C:\Projetos\Componentes\JEDI\jcl\packages\d27\JclSIMDViewExpert.dpk" --no-config -U"C:\Program Files (x86)\Embarcadero\Studio\21.0\lib\Win32\release" -NU"..\..\lib\d27\win32" -I"..\..\lib\d27\win32;..\..\source\include;" -R"..\..\lib\d27\win32;..\..\source\include;" -DBCB;BCB;WIN32;CONDITIONALEXPRESSIONS;RELEASE;BCB;WIN32;CONDITIONALEXPRESSIONS;RELEASE -U"C:\Projetos\Componentes\JEDI\jcl\lib\d27\\win32\;C:\Users\Public\Documents\Embarcadero\Studio\21.0\Dcp;..\..\lib\d27\win32;..\..\source\include;" -LU"rtl;vcl;designide;Jcl;JclBaseExpert;" -ns"System;System.Win;WinApi;Vcl;Vcl.Imaging;" -LN"C:\Projetos\Componentes\JEDI\jcl\lib\d27\\win32" -LE"C:\Users\Public\Documents\Embarcadero\Studio\21.0\Bpl"  -GD
Embarcadero Delphi for Win32 compiler version 34.0
Copyright (c) 1983,2020 Embarcadero Technologies, Inc.
C:\Projetos\Componentes\JEDI\jcl\experts\debug\simdview\JclSIMDUtils.pas(868) Warning: W1000 Symbol 'TOTAThreadContext' is deprecated
C:\Projetos\Componentes\JEDI\jcl\experts\debug\simdview\JclSIMDUtils.pas(868) Warning: W1000 Symbol 'TOTAThreadContext' is deprecated
18018 lines, 0.42 seconds, 59324 bytes code, 892 bytes data.
Compilation success
...done.
Building C:\Projetos\Componentes\JEDI\jcl\packages\d27\JclStackTraceViewerExpert.dpk...
Cleaning package cache for JclStackTraceViewerExpert270.bpl
Cleaning ok
Compiling package C:\Projetos\Componentes\JEDI\jcl\packages\d27\JclStackTraceViewerExpert.dpk
"C:\Program Files (x86)\Embarcadero\Studio\21.0\bin\dcc32.exe" "C:\Projetos\Componentes\JEDI\jcl\packages\d27\JclStackTraceViewerExpert.dpk" --no-config -U"C:\Program Files (x86)\Embarcadero\Studio\21.0\lib\Win32\release" -NU"..\..\lib\d27\win32" -I"..\..\lib\d27\win32;..\..\source\include;" -R"..\..\lib\d27\win32;..\..\source\include;" -DBCB;BCB;WIN32;CONDITIONALEXPRESSIONS;RELEASE;BCB;WIN32;CONDITIONALEXPRESSIONS;RELEASE -U"C:\Projetos\Componentes\JEDI\jcl\lib\d27\\win32\;C:\Users\Public\Documents\Embarcadero\Studio\21.0\Dcp;..\..\lib\d27\win32;..\..\source\include;" -LU"rtl;vcl;designide;Jcl;JclBaseExpert;" -ns"System;System.Win;WinApi;Vcl;Vcl.Imaging;" -LN"C:\Projetos\Componentes\JEDI\jcl\lib\d27\\win32" -LE"C:\Users\Public\Documents\Embarcadero\Studio\21.0\Bpl"  -GD
Embarcadero Delphi for Win32 compiler version 34.0
Copyright (c) 1983,2020 Embarcadero Technologies, Inc.
44318 lines, 0.61 seconds, 68368 bytes code, 476 bytes data.
Compilation success
...done.
Added "C:\Projetos\Componentes\JEDI\jcl\lib\d27\win32;C:\Projetos\Componentes\JEDI\jcl\source\include" to library search path.
Added "C:\Projetos\Componentes\JEDI\jcl\source\common;C:\Projetos\Componentes\JEDI\jcl\source\windows;C:\Projetos\Componentes\JEDI\jcl\source\vcl" to library browsing path.
Added "C:\Projetos\Componentes\JEDI\jcl\lib\d27\win32\debug" to Debug DCU Path.
Cleaning package cache for JclBaseExpert270.bpl
Cleaning ok
Registering package C:\Users\Public\Documents\Embarcadero\Studio\21.0\Bpl\JclBaseExpert270.bpl
Registration ok
Cleaning package cache for JclDebugExpert270.bpl
Cleaning ok
Registering package C:\Users\Public\Documents\Embarcadero\Studio\21.0\Bpl\JclDebugExpert270.bpl
Registration ok
Cleaning package cache for JclProjectAnalysisExpert270.bpl
Cleaning ok
Registering package C:\Users\Public\Documents\Embarcadero\Studio\21.0\Bpl\JclProjectAnalysisExpert270.bpl
Registration ok
Cleaning package cache for JclFavoriteFoldersExpert270.bpl
Cleaning ok
Registering package C:\Users\Public\Documents\Embarcadero\Studio\21.0\Bpl\JclFavoriteFoldersExpert270.bpl
Registration ok
Cleaning package cache for JclRepositoryExpert270.bpl
Cleaning ok
Registering package C:\Users\Public\Documents\Embarcadero\Studio\21.0\Bpl\JclRepositoryExpert270.bpl
Registration ok
Cleaning package cache for JclSIMDViewExpert270.bpl
Cleaning ok
Registering package C:\Users\Public\Documents\Embarcadero\Studio\21.0\Bpl\JclSIMDViewExpert270.bpl
Registration ok
Cleaning package cache for JclStackTraceViewerExpert270.bpl
Cleaning ok
Registering package C:\Users\Public\Documents\Embarcadero\Studio\21.0\Bpl\JclStackTraceViewerExpert270.bpl
Registration ok
