
 Start         Length     Name                   Class
 0001:00000000 00061F78H .text                   CODE
 0002:00000000 00001828H .data                   DATA
 0002:00001828 00001239H .bss                    BSS


Detailed map of segments

 0001:00000000 0000508F C=CODE     S=.text    G=(none)   M=System   ACBP=A9
 0001:00005090 00000140 C=CODE     S=.text    G=(none)   M=SysInit  ACBP=A9
 0001:000051D0 00000078 C=CODE     S=.text    G=(none)   M=Types    ACBP=A9
 0001:00005248 00000C74 C=CODE     S=.text    G=(none)   M=Windows  ACBP=A9
 0001:00005EBC 00000038 C=CODE     S=.text    G=(none)   M=Messages ACBP=A9
 0001:00005EF4 00000320 C=CODE     S=.text    G=(none)   M=SysConst ACBP=A9
 0001:00006214 000068AC C=CODE     S=.text    G=(none)   M=SysUtils ACBP=A9
 0001:0000CAC0 000007FB C=CODE     S=.text    G=(none)   M=VarUtils ACBP=A9
 0001:0000D2BC 00002A42 C=CODE     S=.text    G=(none)   M=Variants ACBP=A9
 0001:0000FD00 00000120 C=CODE     S=.text    G=(none)   M=RTLConsts ACBP=A9
 0001:0000FE20 000007E8 C=CODE     S=.text    G=(none)   M=TypInfo  ACBP=A9
 0001:00010608 00000038 C=CODE     S=.text    G=(none)   M=ActiveX  ACBP=A9
 0001:00010640 00009896 C=CODE     S=.text    G=(none)   M=Classes  ACBP=A9
 0001:00019ED8 000002B0 C=CODE     S=.text    G=(none)   M=Consts   ACBP=A9
 0001:0001A188 000072D7 C=CODE     S=.text    G=(none)   M=Graphics ACBP=A9
 0001:00021460 00000048 C=CODE     S=.text    G=(none)   M=Math     ACBP=A9
 0001:000214A8 00000564 C=CODE     S=.text    G=(none)   M=Contnrs  ACBP=A9
 0001:00021A0C 000000F4 C=CODE     S=.text    G=(none)   M=CommCtrl ACBP=A9
 0001:00021B00 00000787 C=CODE     S=.text    G=(none)   M=MultiMon ACBP=A9
 0001:00022288 00000038 C=CODE     S=.text    G=(none)   M=Imm      ACBP=A9
 0001:000222C0 00000FF8 C=CODE     S=.text    G=(none)   M=HelpIntfs ACBP=A9
 0001:000232B8 00000038 C=CODE     S=.text    G=(none)   M=WinSpool ACBP=A9
 0001:000232F0 00000044 C=CODE     S=.text    G=(none)   M=Printers ACBP=A9
 0001:00023334 0000031F C=CODE     S=.text    G=(none)   M=FlatSB   ACBP=A9
 0001:00023654 000001A4 C=CODE     S=.text    G=(none)   M=SyncObjs ACBP=A9
 0001:000237F8 000009BB C=CODE     S=.text    G=(none)   M=UxTheme  ACBP=A9
 0001:000241B4 00000038 C=CODE     S=.text    G=(none)   M=RichEdit ACBP=A9
 0001:000241EC 00000038 C=CODE     S=.text    G=(none)   M=ToolWin  ACBP=A9
 0001:00024224 00000038 C=CODE     S=.text    G=(none)   M=ShellAPI ACBP=A9
 0001:0002425C 00000038 C=CODE     S=.text    G=(none)   M=RegStr   ACBP=A9
 0001:00024294 00000038 C=CODE     S=.text    G=(none)   M=WinInet  ACBP=A9
 0001:000242CC 00000038 C=CODE     S=.text    G=(none)   M=UrlMon   ACBP=A9
 0001:00024304 00000038 C=CODE     S=.text    G=(none)   M=ShlObj   ACBP=A9
 0001:0002433C 00000038 C=CODE     S=.text    G=(none)   M=CommDlg  ACBP=A9
 0001:00024374 00000038 C=CODE     S=.text    G=(none)   M=Dlgs     ACBP=A9
 0001:000243AC 0000066D C=CODE     S=.text    G=(none)   M=Dialogs  ACBP=A9
 0001:00024A1C 00000652 C=CODE     S=.text    G=(none)   M=ExtCtrls ACBP=A9
 0001:00025070 00000038 C=CODE     S=.text    G=(none)   M=ComStrs  ACBP=A9
 0001:000250A8 00000094 C=CODE     S=.text    G=(none)   M=Clipbrd  ACBP=A9
 0001:0002513C 00000038 C=CODE     S=.text    G=(none)   M=StrUtils ACBP=A9
 0001:00025174 000000F5 C=CODE     S=.text    G=(none)   M=Buttons  ACBP=A9
 0001:0002526C 00000038 C=CODE     S=.text    G=(none)   M=ExtDlgs  ACBP=A9
 0001:000252A4 00000068 C=CODE     S=.text    G=(none)   M=IniFiles ACBP=A9
 0001:0002530C 00000068 C=CODE     S=.text    G=(none)   M=Registry ACBP=A9
 0001:00025374 0000006C C=CODE     S=.text    G=(none)   M=Mapi     ACBP=A9
 0001:000253E0 00000058 C=CODE     S=.text    G=(none)   M=ExtActns ACBP=A9
 0001:00025438 00000038 C=CODE     S=.text    G=(none)   M=ListActns ACBP=A9
 0001:00025470 00000180 C=CODE     S=.text    G=(none)   M=ComCtrls ACBP=A9
 0001:000255F0 00000A0C C=CODE     S=.text    G=(none)   M=Themes   ACBP=A9
 0001:00025FFC 00006874 C=CODE     S=.text    G=(none)   M=StdCtrls ACBP=A9
 0001:0002C870 00000168 C=CODE     S=.text    G=(none)   M=StdActns ACBP=A9
 0001:0002C9D8 00000D1F C=CODE     S=.text    G=(none)   M=WinHelpViewer ACBP=A9
 0001:0002D6F8 00010E7B C=CODE     S=.text    G=(none)   M=Controls ACBP=A9
 0001:0003E574 00001556 C=CODE     S=.text    G=(none)   M=ActnList ACBP=A9
 0001:0003FACC 000016E4 C=CODE     S=.text    G=(none)   M=ImgList  ACBP=A9
 0001:000411B0 000066AD C=CODE     S=.text    G=(none)   M=Menus    ACBP=A9
 0001:00047860 0000C6E4 C=CODE     S=.text    G=(none)   M=Forms    ACBP=A9
 0001:00053F44 00001247 C=CODE     S=.text    G=(none)   M=AppEvnts ACBP=A9
 0001:0005518C 00000238 C=CODE     S=.text    G=(none)   M=JclResources ACBP=A9
 0001:000553C4 00000214 C=CODE     S=.text    G=(none)   M=JclBase  ACBP=A9
 0001:000555D8 00000038 C=CODE     S=.text    G=(none)   M=AccCtrl  ACBP=A9
 0001:00055610 00000284 C=CODE     S=.text    G=(none)   M=JclWin32 ACBP=A9
 0001:00055894 00000038 C=CODE     S=.text    G=(none)   M=JclConsole ACBP=A9
 0001:000558CC 00000068 C=CODE     S=.text    G=(none)   M=JclWideStrings ACBP=A9
 0001:00055934 00000090 C=CODE     S=.text    G=(none)   M=JclLogic ACBP=A9
 0001:000559C4 00000200 C=CODE     S=.text    G=(none)   M=JclStrings ACBP=A9
 0001:00055BC4 00000038 C=CODE     S=.text    G=(none)   M=Jcl8087  ACBP=A9
 0001:00055BFC 00000038 C=CODE     S=.text    G=(none)   M=JclMath  ACBP=A9
 0001:00055C34 000002F0 C=CODE     S=.text    G=(none)   M=JclSysUtils ACBP=A9
 0001:00055F24 00000038 C=CODE     S=.text    G=(none)   M=WinSock  ACBP=A9
 0001:00055F5C 00000038 C=CODE     S=.text    G=(none)   M=Snmp     ACBP=A9
 0001:00055F94 00000314 C=CODE     S=.text    G=(none)   M=TlHelp32 ACBP=A9
 0001:000562A8 00000434 C=CODE     S=.text    G=(none)   M=PsAPI    ACBP=A9
 0001:000566DC 00000038 C=CODE     S=.text    G=(none)   M=JclRegistry ACBP=A9
 0001:00056714 00000038 C=CODE     S=.text    G=(none)   M=JclIniFiles ACBP=A9
 0001:0005674C 00000BD5 C=CODE     S=.text    G=(none)   M=JclSysInfo ACBP=A9
 0001:00057324 00000048 C=CODE     S=.text    G=(none)   M=JclShell ACBP=A9
 0001:0005736C 00000038 C=CODE     S=.text    G=(none)   M=JclSecurity ACBP=A9
 0001:000573A4 00000038 C=CODE     S=.text    G=(none)   M=JclDateTime ACBP=A9
 0001:000573DC 0000061C C=CODE     S=.text    G=(none)   M=JclFileUtils ACBP=A9
 0001:000579F8 00002464 C=CODE     S=.text    G=(none)   M=JclPeImage ACBP=A9
 0001:00059E5C 0000015C C=CODE     S=.text    G=(none)   M=JclSynch ACBP=A9
 0001:00059FB8 000025F4 C=CODE     S=.text    G=(none)   M=JclTD32  ACBP=A9
 0001:0005C5AC 0000089F C=CODE     S=.text    G=(none)   M=JclHookExcept ACBP=A9
 0001:0005CE4C 000049A9 C=CODE     S=.text    G=(none)   M=JclDebug ACBP=A9
 0001:000617F8 0000044F C=CODE     S=.text    G=(none)   M=StackTrackDemoMain ACBP=A9
 0001:00061C48 0000032D C=CODE     S=.text    G=(none)   M=StackTrackExample ACBP=A9
 0002:00000000 0000009C C=DATA     S=.data    G=DGROUP   M=System   ACBP=A9
 0002:0000009C 00000020 C=DATA     S=.data    G=DGROUP   M=SysInit  ACBP=A9
 0002:000000BC 00000254 C=DATA     S=.data    G=DGROUP   M=SysUtils ACBP=A9
 0002:00000310 00000008 C=DATA     S=.data    G=DGROUP   M=VarUtils ACBP=A9
 0002:00000318 0000008E C=DATA     S=.data    G=DGROUP   M=Variants ACBP=A9
 0002:000003A8 0000000C C=DATA     S=.data    G=DGROUP   M=TypInfo  ACBP=A9
 0002:000003B4 00000064 C=DATA     S=.data    G=DGROUP   M=Classes  ACBP=A9
 0002:00000418 00000304 C=DATA     S=.data    G=DGROUP   M=Graphics ACBP=A9
 0002:0000071C 00000004 C=DATA     S=.data    G=DGROUP   M=Printers ACBP=A9
 0002:00000720 00000074 C=DATA     S=.data    G=DGROUP   M=Dialogs  ACBP=A9
 0002:00000794 00000178 C=DATA     S=.data    G=DGROUP   M=ExtCtrls ACBP=A9
 0002:0000090C 0000002C C=DATA     S=.data    G=DGROUP   M=Buttons  ACBP=A9
 0002:00000938 00000008 C=DATA     S=.data    G=DGROUP   M=IniFiles ACBP=A9
 0002:00000940 00000008 C=DATA     S=.data    G=DGROUP   M=Registry ACBP=A9
 0002:00000948 00000008 C=DATA     S=.data    G=DGROUP   M=Mapi     ACBP=A9
 0002:00000950 00000018 C=DATA     S=.data    G=DGROUP   M=ComCtrls ACBP=A9
 0002:00000968 00000068 C=DATA     S=.data    G=DGROUP   M=Themes   ACBP=A9
 0002:000009D0 000000D4 C=DATA     S=.data    G=DGROUP   M=StdCtrls ACBP=A9
 0002:00000AA4 0000013C C=DATA     S=.data    G=DGROUP   M=Controls ACBP=A9
 0002:00000BE0 00000020 C=DATA     S=.data    G=DGROUP   M=ImgList  ACBP=A9
 0002:00000C00 000000EC C=DATA     S=.data    G=DGROUP   M=Menus    ACBP=A9
 0002:00000CEC 0000011C C=DATA     S=.data    G=DGROUP   M=Forms    ACBP=A9
 0002:00000E08 00000004 C=DATA     S=.data    G=DGROUP   M=AppEvnts ACBP=A9
 0002:00000E0C 00000004 C=DATA     S=.data    G=DGROUP   M=JclWideStrings ACBP=A9
 0002:00000E10 0000000C C=DATA     S=.data    G=DGROUP   M=JclStrings ACBP=A9
 0002:00000E1C 00000008 C=DATA     S=.data    G=DGROUP   M=JclSysUtils ACBP=A9
 0002:00000E24 00000450 C=DATA     S=.data    G=DGROUP   M=JclSysInfo ACBP=A9
 0002:00001274 00000004 C=DATA     S=.data    G=DGROUP   M=JclShell ACBP=A9
 0002:00001278 00000038 C=DATA     S=.data    G=DGROUP   M=JclPeImage ACBP=A9
 0002:000012B0 00000060 C=DATA     S=.data    G=DGROUP   M=JclDebug ACBP=A9
 0002:00002000 00000660 C=BSS      S=.bss     G=DGROUP   M=System   ACBP=A9
 0002:00002660 00000010 C=BSS      S=.bss     G=DGROUP   M=SysInit  ACBP=A9
 0002:00002670 00000004 C=BSS      S=.bss     G=DGROUP   M=Types    ACBP=A9
 0002:00002674 00000004 C=BSS      S=.bss     G=DGROUP   M=Windows  ACBP=A9
 0002:00002678 00000004 C=BSS      S=.bss     G=DGROUP   M=Messages ACBP=A9
 0002:0000267C 00000004 C=BSS      S=.bss     G=DGROUP   M=SysConst ACBP=A9
 0002:00002680 00000120 C=BSS      S=.bss     G=DGROUP   M=SysUtils ACBP=A9
 0002:000027A0 0000005C C=BSS      S=.bss     G=DGROUP   M=VarUtils ACBP=A9
 0002:000027FC 00000040 C=BSS      S=.bss     G=DGROUP   M=Variants ACBP=A9
 0002:0000283C 00000004 C=BSS      S=.bss     G=DGROUP   M=RTLConsts ACBP=A9
 0002:00002840 00000004 C=BSS      S=.bss     G=DGROUP   M=TypInfo  ACBP=A9
 0002:00002844 00000004 C=BSS      S=.bss     G=DGROUP   M=ActiveX  ACBP=A9
 0002:00002848 00000040 C=BSS      S=.bss     G=DGROUP   M=Classes  ACBP=A9
 0002:00002888 00000004 C=BSS      S=.bss     G=DGROUP   M=Consts   ACBP=A9
 0002:0000288C 00000060 C=BSS      S=.bss     G=DGROUP   M=Graphics ACBP=A9
 0002:000028EC 00000004 C=BSS      S=.bss     G=DGROUP   M=Math     ACBP=A9
 0002:000028F0 00000004 C=BSS      S=.bss     G=DGROUP   M=Contnrs  ACBP=A9
 0002:000028F4 00000004 C=BSS      S=.bss     G=DGROUP   M=CommCtrl ACBP=A9
 0002:000028F8 00000031 C=BSS      S=.bss     G=DGROUP   M=MultiMon ACBP=A9
 0002:0000292C 00000004 C=BSS      S=.bss     G=DGROUP   M=Imm      ACBP=A9
 0002:00002930 00000008 C=BSS      S=.bss     G=DGROUP   M=HelpIntfs ACBP=A9
 0002:00002938 00000004 C=BSS      S=.bss     G=DGROUP   M=WinSpool ACBP=A9
 0002:0000293C 00000004 C=BSS      S=.bss     G=DGROUP   M=Printers ACBP=A9
 0002:00002940 00000034 C=BSS      S=.bss     G=DGROUP   M=FlatSB   ACBP=A9
 0002:00002974 00000004 C=BSS      S=.bss     G=DGROUP   M=SyncObjs ACBP=A9
 0002:00002978 000000CC C=BSS      S=.bss     G=DGROUP   M=UxTheme  ACBP=A9
 0002:00002A44 00000004 C=BSS      S=.bss     G=DGROUP   M=RichEdit ACBP=A9
 0002:00002A48 00000004 C=BSS      S=.bss     G=DGROUP   M=ToolWin  ACBP=A9
 0002:00002A4C 00000004 C=BSS      S=.bss     G=DGROUP   M=ShellAPI ACBP=A9
 0002:00002A50 00000004 C=BSS      S=.bss     G=DGROUP   M=RegStr   ACBP=A9
 0002:00002A54 00000004 C=BSS      S=.bss     G=DGROUP   M=WinInet  ACBP=A9
 0002:00002A58 00000004 C=BSS      S=.bss     G=DGROUP   M=UrlMon   ACBP=A9
 0002:00002A5C 00000004 C=BSS      S=.bss     G=DGROUP   M=ShlObj   ACBP=A9
 0002:00002A60 00000004 C=BSS      S=.bss     G=DGROUP   M=CommDlg  ACBP=A9
 0002:00002A64 00000004 C=BSS      S=.bss     G=DGROUP   M=Dlgs     ACBP=A9
 0002:00002A68 0000000C C=BSS      S=.bss     G=DGROUP   M=Dialogs  ACBP=A9
 0002:00002A74 00000004 C=BSS      S=.bss     G=DGROUP   M=ExtCtrls ACBP=A9
 0002:00002A78 00000004 C=BSS      S=.bss     G=DGROUP   M=ComStrs  ACBP=A9
 0002:00002A7C 0000000C C=BSS      S=.bss     G=DGROUP   M=Clipbrd  ACBP=A9
 0002:00002A88 00000004 C=BSS      S=.bss     G=DGROUP   M=StrUtils ACBP=A9
 0002:00002A8C 00000030 C=BSS      S=.bss     G=DGROUP   M=Buttons  ACBP=A9
 0002:00002ABC 00000004 C=BSS      S=.bss     G=DGROUP   M=ExtDlgs  ACBP=A9
 0002:00002AC0 00000004 C=BSS      S=.bss     G=DGROUP   M=IniFiles ACBP=A9
 0002:00002AC4 00000004 C=BSS      S=.bss     G=DGROUP   M=Registry ACBP=A9
 0002:00002AC8 00000004 C=BSS      S=.bss     G=DGROUP   M=Mapi     ACBP=A9
 0002:00002ACC 00000009 C=BSS      S=.bss     G=DGROUP   M=ExtActns ACBP=A9
 0002:00002AD8 00000004 C=BSS      S=.bss     G=DGROUP   M=ListActns ACBP=A9
 0002:00002ADC 00000010 C=BSS      S=.bss     G=DGROUP   M=ComCtrls ACBP=A9
 0002:00002AEC 00000008 C=BSS      S=.bss     G=DGROUP   M=Themes   ACBP=A9
 0002:00002AF4 00000004 C=BSS      S=.bss     G=DGROUP   M=StdCtrls ACBP=A9
 0002:00002AF8 00000004 C=BSS      S=.bss     G=DGROUP   M=StdActns ACBP=A9
 0002:00002AFC 00000014 C=BSS      S=.bss     G=DGROUP   M=WinHelpViewer ACBP=A9
 0002:00002B10 00000080 C=BSS      S=.bss     G=DGROUP   M=Controls ACBP=A9
 0002:00002B90 00000004 C=BSS      S=.bss     G=DGROUP   M=ActnList ACBP=A9
 0002:00002B94 0000000C C=BSS      S=.bss     G=DGROUP   M=ImgList  ACBP=A9
 0002:00002BA0 00000010 C=BSS      S=.bss     G=DGROUP   M=Menus    ACBP=A9
 0002:00002BB0 00000020 C=BSS      S=.bss     G=DGROUP   M=Forms    ACBP=A9
 0002:00002BD0 00000004 C=BSS      S=.bss     G=DGROUP   M=AppEvnts ACBP=A9
 0002:00002BD4 00000004 C=BSS      S=.bss     G=DGROUP   M=JclResources ACBP=A9
 0002:00002BD8 00000004 C=BSS      S=.bss     G=DGROUP   M=JclBase  ACBP=A9
 0002:00002BDC 00000004 C=BSS      S=.bss     G=DGROUP   M=AccCtrl  ACBP=A9
 0002:00002BE0 00000014 C=BSS      S=.bss     G=DGROUP   M=JclWin32 ACBP=A9
 0002:00002BF4 00000004 C=BSS      S=.bss     G=DGROUP   M=JclConsole ACBP=A9
 0002:00002BF8 00000004 C=BSS      S=.bss     G=DGROUP   M=JclWideStrings ACBP=A9
 0002:00002BFC 00000004 C=BSS      S=.bss     G=DGROUP   M=JclLogic ACBP=A9
 0002:00002C00 00000504 C=BSS      S=.bss     G=DGROUP   M=JclStrings ACBP=A9
 0002:00003104 00000004 C=BSS      S=.bss     G=DGROUP   M=Jcl8087  ACBP=A9
 0002:00003108 00000004 C=BSS      S=.bss     G=DGROUP   M=JclMath  ACBP=A9
 0002:0000310C 00000004 C=BSS      S=.bss     G=DGROUP   M=JclSysUtils ACBP=A9
 0002:00003110 00000004 C=BSS      S=.bss     G=DGROUP   M=WinSock  ACBP=A9
 0002:00003114 00000004 C=BSS      S=.bss     G=DGROUP   M=Snmp     ACBP=A9
 0002:00003118 00000048 C=BSS      S=.bss     G=DGROUP   M=TlHelp32 ACBP=A9
 0002:00003160 00000064 C=BSS      S=.bss     G=DGROUP   M=PsAPI    ACBP=A9
 0002:000031C4 00000004 C=BSS      S=.bss     G=DGROUP   M=JclRegistry ACBP=A9
 0002:000031C8 00000004 C=BSS      S=.bss     G=DGROUP   M=JclIniFiles ACBP=A9
 0002:000031CC 00000010 C=BSS      S=.bss     G=DGROUP   M=JclSysInfo ACBP=A9
 0002:000031DC 00000004 C=BSS      S=.bss     G=DGROUP   M=JclShell ACBP=A9
 0002:000031E0 00000004 C=BSS      S=.bss     G=DGROUP   M=JclSecurity ACBP=A9
 0002:000031E4 00000004 C=BSS      S=.bss     G=DGROUP   M=JclDateTime ACBP=A9
 0002:000031E8 00000004 C=BSS      S=.bss     G=DGROUP   M=JclFileUtils ACBP=A9
 0002:000031EC 00000004 C=BSS      S=.bss     G=DGROUP   M=JclPeImage ACBP=A9
 0002:000031F0 00000004 C=BSS      S=.bss     G=DGROUP   M=JclSynch ACBP=A9
 0002:000031F4 00000004 C=BSS      S=.bss     G=DGROUP   M=JclTD32  ACBP=A9
 0002:000031F8 0000001C C=BSS      S=.bss     G=DGROUP   M=JclHookExcept ACBP=A9
 0002:00003214 0000001C C=BSS      S=.bss     G=DGROUP   M=JclDebug ACBP=A9
 0002:00003230 00000008 C=BSS      S=.bss     G=DGROUP   M=StackTrackDemoMain ACBP=A9


  Address         Publics by Name

 0002:00002BF4       .01
 0002:000031DC       .1
 0002:00002A78       .1
 0002:000031E0       .1
 0002:00002BFC       .1
 0002:00002960       .1
 0002:00002A88       .1
 0002:00002BDC       .1
 0002:00002C00       .1
 0002:00002B04       .1
 0002:00002668       .1
 0002:000031C8       .1
 0002:00002BD4       .1
 0002:0000283C       .1
 0002:00003160       .1
 0002:00003104       .1
 0002:000031F8       .1
 0002:00003118       .1
 0002:00002A34       .1
 0002:00002918       .1
 0002:00003114       .1
 0002:00002A44       .1
 0002:00003110       .1
 0002:00002A4C       .1
 0002:00002AC8       .1
 0002:0000267C       .1
 0002:00002A50       .1
 0002:00002A54       .1
 0002:00002678       .1
 0002:00002A58       .1
 0002:000028F4       .1
 0002:0000292C       .1
 0002:00002A5C       .1
 0002:00002A60       .1
 0002:00002A64       .1
 0002:00002888       .1
 0002:00002670       .1
 0002:00002A68       .11
 0002:00002890       .12
 0002:00002A74       .12
 0002:000031F4       .12
 0002:00003234       .2
 0002:00002930       .2
 0002:00002BE0       .2
 0002:000031E4       .2
 0002:00002A80       .2
 0002:000031CC       .2
 0002:00002AEC       .2
 0002:000028EC       .2
 0002:000031C4       .2
 0002:000028F0       .21
 0002:00002938       .3
 0002:00002844       .3
 0002:00002B94       .3
 0002:0000293C       .3
 0002:00002ABC       .3
 0002:00002BF8       .3
 0002:00002BD0       .3
 0002:00002674       .3
 0002:00002790       .35
 0002:00002ADC       .36
 0002:00002A48       .4
 0002:00002A8C       .4
 0002:00002BD8       .4
 0002:00002BB8       .41
 0002:000031E8       .42
 0002:00002AF4       .42
 0002:00002854       .45
 0002:000027F8       .5
 0002:0000310C       .5
 0002:00002AC4       .5
 0002:000025B8       .5
 0002:00002974       .6
 0002:00002840       .6
 0002:00003108       .7
 0002:00003214       .72
 0002:00002B18       .72
 0002:00002ACC       .72
 0002:00002AF8       .73
 0002:00002B90       .8
 0002:00002AD8       .8
 0002:00002AC0       .8
 0002:0000281C       .81
 0002:00002BA8       .9
 0002:000031F0       .91
 0002:000031EC       .92
 0001:00001CD0       @AbstractError
 0001:00002808       @AfterConstruction
 0001:0000264C       @AsClass
 0001:00003220       @Assert
 0001:00001E38       @AStrCmp
 0001:00002818       @BeforeDestruction
 0001:00002698       @CallDynaInst
 0001:000027B0       @ClassCreate
 0001:00002800       @ClassDestroy
 0001:00001D40       @Close
 0001:00001BE4       @Copy
 0001:00003EEC       @CopyArray
 0001:00003DD0       @CopyRecord
 0001:00003FF4       @DispCallByIDError
 0001:0000DD5C       @DispInvokeError
 0001:00002C94       @DoneExcept
 0001:000042C0       @DynArrayAsg
 0001:00004284       @DynArrayClear
 0001:000040A4       @DynArrayHigh
 0001:0000409C       @DynArrayLength
 0001:00004278       @DynArraySetLength
 0001:00002D7C       @ExceptionHandler
 0001:00001EA8       @FillChar
 0001:00003DAC       @Finalize
 0001:00003CC0       @FinalizeArray
 0001:00003C74       @FinalizeRecord
 0001:000023C8       @FpuInit
 0001:00002304       @FpuMaskInit
 0001:00001A58       @FreeMem
 0001:00001A28       @GetMem
 0001:00005108       @GetTls
 0001:00003208       @Halt
 0001:00003128       @Halt0
 0001:0000292C       @HandleAnyException
 0001:00002BE0       @HandleFinally
 0001:00002A58       @HandleOnException
 0001:00005154       @InitExe
 0001:00003BE0       @InitializeArray
 0001:00003BB0       @InitializeRecord
 0001:00002FD0       @InitImports
 0001:00002FA8       @InitResStringImports
 0001:00002F84       @InitResStrings
 0001:00002FF4       @InitWideStrings
 0001:00004A4C       @IntfAddRef
 0001:00004A1C       @IntfCast
 0001:000049D8       @IntfClear
 0001:000049F0       @IntfCopy
 0001:00002628       @IsClass
 0001:000022D4       @isNECWindows
 0001:000036F0       @LStrAddRef
 0001:00003264       @LStrArrayClr
 0001:00003294       @LStrAsg
 0001:00003508       @LStrCat
 0001:0000354C       @LStrCat3
 0001:000035C0       @LStrCatN
 0001:00003240       @LStrClr
 0001:0000364C       @LStrCmp
 0001:00003760       @LStrCopy
 0001:000037A0       @LStrDelete
 0001:000034B0       @LStrFromArray
 0001:00003428       @LStrFromChar
 0001:00003438       @LStrFromPChar
 0001:00003330       @LStrFromPCharLen
 0001:00003468       @LStrFromPWChar
 0001:0000339C       @LStrFromPWCharLen
 0001:000034A4       @LStrFromString
 0001:000034C8       @LStrFromWStr
 0001:000037E8       @LStrInsert
 0001:000032D8       @LStrLAsg
 0001:00003500       @LStrLen
 0001:00003844       @LStrPos
 0001:0000388C       @LStrSetLength
 0001:00003700       @LStrToPChar
 0001:000034DC       @LStrToString
 0001:00003304       @NewAnsiString
 0001:000038F8       @NewWideString
 0001:00001FE8       @Pow10
 0001:00001DB4       @PStrCmp
 0001:00001D98       @PStrNCpy
 0001:00002C40       @RaiseAgain
 0001:00002C18       @RaiseExcept
 0001:00001A78       @ReallocMem
 0001:00001CA0       @ROUND
 0001:00003214       @RunError
 0001:00001FCC       @SetEq
 0001:00002F44       @StartExe
 0001:0000029C       @strlen
 0001:00001CAC       @TRUNC
 0001:00002CC4       @TryFinallyExit
 0001:00003758       @UniqueStringA
 0001:00001EC8       @ValLong
 0001:0000F454       @VarAddRef
 0001:0000E048       @VarClear
 0001:0000E05C       @VarClr
 0001:00003CA8       @VarClr
 0001:00003DB8       @VarCopy
 0001:0000E384       @VarCopy
 0001:0000F38C       @VarFromBool
 0001:0000F3DC       @VarFromCurr
 0001:0000F324       @VarFromInt
 0001:0000F360       @VarFromInt64
 0001:0000F3F0       @VarFromLStr
 0001:0000F3B4       @VarFromReal
 0001:0000F3C8       @VarFromTDateTime
 0001:0000F41C       @VarFromWStr
 0001:0000DDB0       @VarNull
 0001:0000E6B0       @VarToLStr
 0001:0000EDD0       @VarToWStr
 0001:00003938       @WStrArrayClr
 0001:0000395C       @WStrAsg
 0001:00003920       @WStrClr
 0001:00003A98       @WStrCmp
 0001:00003B1C       @WStrCopy
 0001:00003A6C       @WStrFromLStr
 0001:00003980       @WStrFromPCharLen
 0001:00003A30       @WStrFromPWChar
 0001:00003A0C       @WStrFromPWCharLen
 0001:00003A8C       @WStrLen
 0001:00003B68       @WStrSetLength
 0001:00003A7C       @WStrToPWChar
 0001:00001FA8       @_CLenToPasStr
 0001:00001F9C       @_CToPasStr
 0001:00001BB4       @_IOTest
 0001:00004020       @_llmod
 0001:00003FFC       @_llmul
 0001:00061AEC       AAA
 0001:00030560       AbsMin
 0001:0000AE40       AbstractErrorHandler
 0002:00002028       AbstractErrorProc
 0001:00055608       AccCtrl
 0002:00000140       AccessMode
 0001:00001B14       AcquireExceptionObject
 0001:0001299C       ActivateClassGroup
 0001:0000573C       ActivateKeyboardLayout
 0002:00002B4C       ActiveDrag
 0001:00010638       ActiveX
 0001:0003FAA0       ActnList
 0001:000003FC       AddBlockAfter
 0002:000003B4       AddDataModule
 0001:00006E98       AddExitProc
 0001:00015B68       AddFinished
 0001:00042DE4       AddIn
 0001:00004840       AddModuleUnloadProc
 0001:00004830       AddModuleUnloadProc
 0001:00015BA0       AddNotFinished
 0001:000165C4       AddSubComponentsToLoaded
 0001:0005676C       AddToList
 0001:0001D7E8       AdjustColor
 0001:00007130       AdjustLineBreaks
 0001:0004A004       Adjustment
 0001:00005744       AdjustWindowRectEx
 0002:00000A18       Alignments
 0002:000009D8       Alignments
 0002:00000CC4       Alignments
 0002:00000CD4       Alignments
 0001:00035BCC       AlignWork
 0001:00050F48       AlignWork
 0001:00019CB8       AllocateHWnd
 0002:0000126C       AllocGranularity
 0001:00006E3C       AllocMem
 0002:000025B0       AllocMemCount
 0002:000025B4       AllocMemSize
 0001:00021258       AllocPatternBitmap
 0001:000050B0       AllocTlsBuffer
 0002:00000AB0       AnchorAlign
 0002:00000AA4       AnimateWindowProc
 0002:00000BAC       AnimationStyle
 0002:00002C04       AnsiCaseMap
 0002:00000E10       AnsiCaseMapReady
 0002:00002F04       AnsiCharTypes
 0001:00007038       AnsiCompareStr
 0001:00007070       AnsiCompareText
 0001:00007808       AnsiLastChar
 0001:0000574C       AnsiLower
 0001:0000B758       AnsiPos
 0001:0004766C       AnsiSameCaption
 0001:000070A8       AnsiSameText
 0001:000070C0       AnsiStrLIComp
 0001:0000B794       AnsiStrPos
 0001:0000B854       AnsiStrRScan
 0001:0000B89C       AnsiStrScan
 0001:00004E4C       AnsiToUtf8
 0001:00008DF8       AppendChars
 0001:000091C4       AppendFormat
 0001:00008E5C       AppendNumber
 0001:00008E3C       AppendString
 0001:00055158       AppEvnts
 0002:00002BB0       Application
 0002:000003C4       ApplicationHandleException
 0002:000003CC       ApplicationShowException
 0002:00000E00       AppVisible
 0001:0000AE24       AssertErrorHandler
 0002:00002020       AssertErrorProc
 0001:000100D0       AssignLongStr
 0001:00010474       AssignVariant
 0002:00002608       avail
 0001:00007998       BackfillGetDiskFreeSpaceEx
 0001:000330F4       BackgroundClipped
 0001:0000CD50       BackupVarBoolFromStr
 0001:0000CEB0       BackupVarBStrFromBool
 0001:0000CDD0       BackupVarBStrFromCy
 0001:0000CE40       BackupVarBStrFromDate
 0001:0000CCE4       BackupVarCyFromStr
 0001:0000CC78       BackupVarDateFromStr
 0001:0000CB34       BackupVarI4FromStr
 0001:0000CAE0       BackupVariantChangeTypeEx
 0001:0000CBA0       BackupVarR4FromStr
 0001:0000CC0C       BackupVarR8FromStr
 0001:00012CF4       BeginGlobalLoading
 0001:00005754       BeginPaint
 0001:0001D7F4       BetterSize
 0001:00043C78       BiDiDraw
 0001:0000558C       BitBlt
 0002:0000090C       BitBtnCaptions
 0002:00002A90       BitBtnGlyphs
 0002:000006D0       BitmapCanvasList
 0002:000028A8       BitmapImageLock
 0001:0000CB1C       BiUnimplemented
 0002:000003EC       BlockCode
 0002:000025E0       blockDescBlockList
 0002:000025E4       blockDescFreeList
 0002:000003A8       BooleanIdents
 0002:00000324       BooleanToStringRule
 0002:00000E14       Bools
 0001:000076A0       BoolToStr
 0001:0000E438       BoolToWStrViaOS
 0002:000009D0       BorderStyles
 0001:000051F4       Bounds
 0001:00011CB4       Bounds
 0002:00000C6C       Breaks
 0002:000028E0       BrushManager
 0001:0004644C       BuildImage
 0002:00000768       ButtonCaptions
 0002:0000073C       ButtonNames
 0001:00025244       Buttons
 0002:00000CE8       Buttons
 0002:00000A48       ButtonStyles
 0001:0001CFC0       BytesPerScanline
 0001:0001D324       ByteSwapColors
 0001:0000B4FC       ByteToCharIndex
 0001:0000B4D4       ByteToCharLen
 0001:0000B498       ByteType
 0001:0000B420       ByteTypeTest
 0002:00002B98       CachedComCtrlVer
 0001:00019BF4       CalcJmpOffset
 0001:0003D848       CalcSplitterPos
 0001:0005CC30       CallExportedHookExceptProc
 0001:0000575C       CallNextHookEx
 0001:0000BF74       CallTerminateProcs
 0001:00005764       CallWindowProc
 0001:00031598       CancelDrag
 0002:00002B60       CanvasList
 0002:000028E4       CanvasList
 0002:00000728       Captions
 0002:00000B68       CaptureControl
 0002:00000C0C       cBooleanToItemAutoFlag
 0002:00002A7E       CF_COMPONENT
 0002:00002A7C       CF_PICTURE
 0002:00002814       ChangeAnyProc
 0001:0002FB18       ChangeBiDiModeAlignment
 0001:00007890       ChangeFileExt
 0002:000009F8       CharCases
 0001:00003360       CharFromWChar
 0001:00055B04       CharIsLower
 0001:00055B24       CharIsUpper
 0001:0000B6E0       CharLength
 0001:0000576C       CharLowerBuff
 0001:00005774       CharNext
 0001:0000021C       CharNext
 0001:0001B944       CharsetToIdent
 0001:0000B5E8       CharToByteIndex
 0001:0000B64C       CharToByteLen
 0001:0000577C       CharToOemA
 0001:00005784       CharUpperBuff
 0001:0001DDB0       CheckBool
 0001:000028A8       CheckJmp
 0001:0000578C       CheckMenuItem
 0001:000562A8       CheckPSAPILoaded
 0002:00000C5C       Checks
 0001:00016600       CheckSubComponents
 0001:000189CC       CheckSynchronize
 0001:00049A40       CheckTaskWindow
 0001:0003124C       CheckUndock
 0001:0000B314       CheckWin32Version
 0002:00000328       CInvalidCustomVariantType
 0002:00000C10       cItemAutoFlagToBoolean
 0002:00000C08       cItemAutoFlagToMenu
 0001:00019E44       Classes
 0001:00012760       ClassNotFound
 0002:00002810       ClearAnyProc
 0001:0001B1C4       ClearColor
 0001:0000F790       ClearVariantTypeList
 0001:00005794       ClientToScreen
 0001:0003AE30       ClientToWindow
 0002:000006C8       ClipboardFormats
 0001:000250E4       Clipbrd
 0001:0000532C       CloseHandle
 0002:0000297C       CloseThemeData
 0002:0000203C       CmdLine
 0002:00002038       CmdShow
 0002:00000C04       cMenuAutoFlagToItem
 0001:0000CB28       CmpUnimplemented
 0002:00000448       Colors
 0001:0001B73C       ColorToIdent
 0002:00000794       ColorToPretyName
 0001:0001B72C       ColorToRGB
 0002:00002AE8       ComCtlVersion
 0001:000255E8       ComCtrls
 0002:00002BAC       CommandPool
 0001:00021AF8       CommCtrl
 0001:0002436C       CommDlg
 0001:0000077C       Commit
 0002:00002624       committedRoot
 0001:000423C8       CompareFront
 0001:00006FA0       CompareMem
 0001:00006F70       CompareStr
 0001:00005334       CompareString
 0001:00006FC0       CompareText
 0001:000075C8       CompareWith
 0001:000166E0       ComponentCreated
 0001:000250A0       ComStrs
 0001:0001A180       Consts
 0001:00021A04       Contnrs
 0002:00002B1E       ControlAtom
 0002:00002B24       ControlAtomString
 0001:0004E7EC       ControlHasHelp
 0001:0003E4E4       Controls
 0001:0000A870       ConvertAddr
 0001:00008F50       ConvertEraString
 0001:00006E00       ConvertError
 0001:00006E18       ConvertErrorFmt
 0001:000090BC       ConvertYearString
 0001:000040AC       CopyArray
 0001:0001E888       CopyBitmap
 0001:0001EF50       CopyBitmapAsMask
 0001:0001EEEC       CopyPalette
 0002:0000096C       Copyright
 0001:000454F8       CopyToBest
 0001:00060B00       CorrectExceptStackListTop
 0001:0000B558       CountChars
 0002:000028C0       CounterLock
 0002:0000032C       CRangeToType
 0001:0000AD68       CreateAssertException
 0001:0000AEF0       CreateAVObject
 0001:00005594       CreateBitmap
 0001:0000559C       CreateBrushIndirect
 0001:000055A4       CreateCompatibleBitmap
 0001:000055AC       CreateCompatibleDC
 0001:00016760       CreateComponent
 0001:000055BC       CreateDIBitmap
 0001:000055B4       CreateDIBSection
 0001:0000533C       CreateEvent
 0001:00005344       CreateFile
 0001:0000534C       CreateFileMapping
 0001:000055C4       CreateFontIndirect
 0001:000055CC       CreateHalftonePalette
 0001:0000579C       CreateIcon
 0001:0000AC94       CreateInOutError
 0001:000057A4       CreateMenu
 0001:000055D4       CreatePalette
 0001:000055DC       CreatePenIndirect
 0001:000057AC       CreatePopupMenu
 0001:000055E4       CreateSolidBrush
 0001:0001D37C       CreateSystemPalette
 0001:00005354       CreateThread
 0001:00056210       CreateToolhelp32Snapshot
 0001:00005D34       CreateWindow
 0001:00005CDC       CreateWindowEx
 0002:00000AA8       CreationControl
 0002:00000720       CreationControl
 0002:00000394       CRelationshipToBoolean
 0002:00000310       CResult
 0002:00000A94       CSHREDRAW
 0002:00000138       cSimpleBoolStrs
 0002:00000340       CText
 0002:00000BA4       Ctl3DStyles
 0002:0000261C       curAlloc
 0002:00002688       CurrencyDecimals
 0002:00002684       CurrencyFormat
 0002:00002680       CurrencyString
 0001:00008DE4       CurrentYear
 0001:000088B0       CurrToStr
 0001:0000E3C8       CurrToWStrViaOS
 0002:00000D84       CursorMap
 0002:00000AB8       Cursors
 0001:0002FE38       CursorToIdent
 0002:00000D74       cUseAlpha
 0002:00000D7C       cUseColorKey
 0001:0000733C       CvtInt
 0001:000073A8       CvtInt64
 0002:00000178       CWNear
 0002:00000A9C       Data
 0002:00002689       DateSeparator
 0001:000099F8       DateTimeToStr
 0001:0000999C       DateTimeToString
 0001:00008970       DateTimeToTimeStamp
 0001:0000E400       DateToWStrViaOS
 0001:00008D6C       DayOfWeek
 0002:00000174       DCon10
 0002:00000444       DDBsOnly
 0001:00019D6C       DeallocateHWnd
 0002:00000028       DebugHook
 0002:0000321C       DebugInfoCritSect
 0002:00003218       DebugInfoList
 0002:00001300       DebugInfoSources
 0002:00002687       DecimalSeparator
 0001:00008D4C       DecodeDate
 0001:00008BFC       DecodeDateFully
 0001:0005E9F0       DecodeNameString
 0001:00008A64       DecodeTime
 0001:0000083C       Decommit
 0001:00000F68       DecommitFree
 0002:000025F8       decommittedRoot
 0001:00051B84       Default
 0001:0004C46C       Default
 0002:00000020       Default8087CW
 0002:00000AAC       DefaultDockTreeClass
 0002:000025BC       DefaultUserCodePage
 0002:00000698       DefBrushData
 0002:00000418       DefFontData
 0001:000057B4       DefFrameProc
 0002:00000204       DefLongDayNames
 0002:000001B8       DefLongMonthNames
 0001:000057BC       DefMDIChildProc
 0002:00000678       DefPenData
 0002:000001E8       DefShortDayNames
 0002:00000188       DefShortMonthNames
 0001:000057C4       DefWindowProc
 0001:00004318       DelayLoadResourceModule
 0001:00000458       DeleteBlock
 0001:00000368       DeleteCriticalSection
 0001:0000535C       DeleteCriticalSection
 0001:000055EC       DeleteDC
 0001:00000D50       DeleteFree
 0001:000057CC       DeleteMenu
 0001:000055F4       DeleteObject
 0001:0001E444       DeselectBitmap
 0001:000057D4       DestroyCursor
 0001:000057DC       DestroyIcon
 0001:00025174       DestroyLocals
 0001:000057E4       DestroyMenu
 0001:000057EC       DestroyWindow
 0001:0002D3AC       DialogEnumerationTester
 0001:000249DC       Dialogs
 0002:000006D4       DIBPalSizes
 0002:0000008C       dig
 0001:0004987C       DisableTaskWindows
 0001:000057F4       DispatchMessage
 0001:0004FACC       DispatchShortCut
 0002:00002000       DispCallByIDProc
 0001:00006DE4       DivMod
 0001:000243A4       Dlgs
 0001:00050DFC       DoAlign
 0001:00035A5C       DoAlign
 0001:00039B10       DoCalcConstraints
 0002:00002B54       DockSiteList
 0001:00046118       DoClick
 0001:000371A0       DoControlMsg
 0001:0004982C       DoDisableWindow
 0001:00030B78       DoDragOver
 0001:00061264       DoExceptFrameTrace
 0001:00060B94       DoExceptionStackTrace
 0001:00061628       DoExceptNotify
 0001:0005C88C       DoExceptNotify
 0001:00006E5C       DoExitProc
 0001:0003BB1C       DoFindControlZone
 0001:00049980       DoFindWindow
 0001:0003C0A8       DoFindZone
 0001:0003BBA0       DoForEach
 0001:0003D4AC       DoGetNextLimit
 0001:000497F4       DoneApplication
 0001:0003E20C       DoneControls
 0001:0000B224       DoneExceptions
 0001:0004DE48       DoNestedActivation
 0001:0001898C       DoneThreadSynchronization
 0001:00052EA0       DoOnHelp
 0001:0003561C       DoPosition
 0001:00050C4C       DoPosition
 0001:0003CAD4       DoPrune
 0001:0003CFAC       DoSaveZone
 0001:0003D1B0       DoSetNewBounds
 0002:000003B0       DotSep
 0001:00013C34       DoWrite
 0001:00040A28       DoWrite
 0001:0001E008       DoWrite
 0001:00036788       DoWriteDesignSize
 0001:000341F4       DoWriteIsControl
 0002:00002B38       DragCapture
 0002:00002B2C       DragControl
 0001:000312C0       DragDone
 0001:00030B28       DragFindTarget
 0001:00030AFC       DragFindWindow
 0002:00002B50       DragImageList
 0001:00030F18       DragInit
 0001:00031088       DragInitControl
 0002:00002B34       DragInternalObject
 0001:00030A44       DragMessage
 0002:00002B30       DragObject
 0002:00002B5C       DragSave
 0002:00002B44       DragSaveCursor
 0002:00002B3C       DragStartPos
 0002:00002B48       DragThreshold
 0001:00030C48       DragTo
 0001:00051BC0       DrawAppIcon
 0001:0003C640       DrawCloseButton
 0001:000057FC       DrawEdge
 0001:00005804       DrawFocusRect
 0001:0000580C       DrawFrameControl
 0001:0003C698       DrawGrabberLine
 0001:00005814       DrawIcon
 0001:0000581C       DrawIconEx
 0002:00000BE0       DrawingStyles
 0001:00005824       DrawMenuBar
 0001:00047488       DrawMenuItem
 0001:0000582C       DrawText
 0002:00002980       DrawThemeBackground
 0002:000029A4       DrawThemeEdge
 0002:000029A8       DrawThemeIcon
 0002:00002A2C       DrawThemeParentBackground
 0002:00002984       DrawThemeText
 0001:0001CE40       DupBits
 0001:000040C4       DynArrayClear
 0001:000040CC       DynArraySetLength
 0002:00000CCC       EdgeStyle
 0002:00000B94       EdgeStyles
 0001:0000AC68       EHeapException.FreeInstance
 0001:0005548C       EJclWin32Error.CreateRes
 0002:00000A14       Empty
 0002:000027FC       EmptyParam
 0002:000000BC       EmptyStr
 0002:000000C0       EmptyWideStr
 0001:00005834       EnableMenuItem
 0002:00000C64       Enables
 0001:0000583C       EnableScrollBar
 0001:00049930       EnableTaskWindows
 0002:00002A14       EnableThemeDialogTexture
 0002:00002A30       EnableTheming
 0001:00005844       EnableWindow
 0001:00008BCC       EncodeDate
 0001:00008A24       EncodeTime
 0001:00012D7C       EndGlobalLoading
 0001:0000584C       EndPaint
 0001:00000358       EnterCriticalSection
 0001:00005364       EnterCriticalSection
 0001:0000536C       EnumCalendarInfoA
 0002:00002914       EnumDisplayMonitors
 0001:0000A4E4       EnumEraNames
 0001:0000A520       EnumEraYearOffsets
 0001:000568F0       EnumModulesPS
 0001:00056A20       EnumModulesTH
 0001:00056834       EnumModulesVQ
 0001:0004CA30       EnumMonitorsProc
 0001:00056614       EnumProcessModules
 0001:00005854       EnumThreadWindows
 0001:00015F10       EnumValue
 0001:0000585C       EnumWindows
 0001:0005DC38       Eof
 0001:00005864       EqualRect
 0002:00002750       EraNames
 0001:00009C70       EraToYear
 0002:0000276C       EraYearOffsets
 0002:00000064       errCaption
 0001:000156F4       Error
 0001:00001BA8       Error
 0001:00042118       Error
 0001:00012304       Error
 0002:00000004       ErrorAddr
 0001:00001B5C       ErrorAt
 0001:0000AD14       ErrorHandler
 0002:00000220       ErrorMap
 0002:00002008       ErrorProc
 0002:000023E4       ErrOutput
 0001:00001AE8       ExceptAddr
 0002:0000200C       ExceptClsProc
 0001:0000B190       ExceptHandler
 0001:0000AADC       Exception.Create
 0001:0000AB18       Exception.CreateFmt
 0001:0000AB98       Exception.CreateRes
 0001:0000ABD4       Exception.CreateResFmt
 0002:0000201C       ExceptionClass
 0001:0000A87C       ExceptionErrorMessage
 0002:000031FC       ExceptionsHooked
 0002:00000258       ExceptMap
 0001:00001AC8       ExceptObject
 0002:00002010       ExceptObjProc
 0002:00002004       ExceptProc
 0001:000055FC       ExcludeClipRect
 0002:00000000       ExitCode
 0001:0000306C       ExitDll
 0002:00002044       ExitProc
 0001:00000224       ExitProcess
 0002:00002024       ExitProcessProc
 0002:00000134       ExitProcList
 0001:0000795C       ExpandFileName
 0001:00058178       ExportSortByAddress
 0001:000581B0       ExportSortByAddressDESC
 0001:00058280       ExportSortByAddrOrFwd
 0001:000582F4       ExportSortByAddrOrFwdDESC
 0001:000581D4       ExportSortByForwarded
 0001:0005825C       ExportSortByForwardedDESC
 0001:0005812C       ExportSortByHint
 0001:00058154       ExportSortByHintDESC
 0001:00058094       ExportSortByName
 0001:000580BC       ExportSortByNameDESC
 0001:000580E0       ExportSortByOrdinal
 0001:00058108       ExportSortByOrdinalDESC
 0001:00058318       ExportSortBySection
 0001:000583A0       ExportSortBySectionDESC
 0001:00025430       ExtActns
 0001:00025040       ExtCtrls
 0001:0002529C       ExtDlgs
 0002:00000A74       ExtendSelects
 0001:00007924       ExtractFileName
 0002:0000278C       FalseBoolStrs
 0002:00002A84       FClipboard
 0002:00000168       FCon1E18
 0001:00007800       FileClose
 0001:00007744       FileCreate
 0001:00007768       FileCreate
 0001:00057880       FileExists
 0002:000006CC       FileFormats
 0002:00000008       FileMode
 0001:000076EC       FileOpen
 0001:00007770       FileRead
 0002:000003DC       FilerSignature
 0001:000077C8       FileSeek
 0001:0000779C       FileWrite
 0001:00000E88       FillAfterGap
 0001:00000E28       FillBeforeGap
 0001:00000F28       FillerSizeAfterGap
 0001:00000EB0       FillerSizeBeforeGap
 0001:0000586C       FillRect
 0001:00022248       Finalization
 0001:00053EA4       Finalization
 0001:00022288       Finalization
 0001:00023270       Finalization
 0001:00041178       Finalization
 0001:00055128       Finalization
 0001:000232B8       Finalization
 0001:000572B8       Finalization
 0001:000232F0       Finalization
 0001:0002D624       Finalization
 0001:00057324       Finalization
 0001:0005736C       Finalization
 0001:00021AC8       Finalization
 0001:000573A4       Finalization
 0001:000616E0       Finalization
 0001:00047768       Finalization
 0001:00061BEC       Finalization
 0001:00010608       Finalization
 0001:00023614       Finalization
 0001:0002C9A0       Finalization
 0001:000219D4       Finalization
 0001:0002C838       Finalization
 0001:0003FA70       Finalization
 0001:00061C48       Finalization
 0001:000237C0       Finalization
 0001:0005CDF0       Finalization
 0001:0003E47C       Finalization
 0001:00004F68       Finalization
 0001:000579C0       Finalization
 0001:0000FDE8       Finalization
 0001:0005538C       Finalization
 0001:0000FBDC       Finalization
 0001:00021470       Finalization
 0001:000555A0       Finalization
 0001:000555D8       Finalization
 0001:00005198       Finalization
 0001:0005585C       Finalization
 0001:00005210       Finalization
 0001:00055894       Finalization
 0001:000558D8       Finalization
 0001:0005598C       Finalization
 0001:00055B64       Finalization
 0001:00025FB0       Finalization
 0001:0005C574       Finalization
 0001:00055BC4       Finalization
 0001:00059F80       Finalization
 0001:0000D27C       Finalization
 0001:00025570       Finalization
 0001:00021290       Finalization
 0001:00024144       Finalization
 0001:000241B4       Finalization
 0001:000241EC       Finalization
 0001:000061DC       Finalization
 0001:00024224       Finalization
 0001:0002425C       Finalization
 0001:00005EBC       Finalization
 0001:00024294       Finalization
 0001:00005E84       Finalization
 0001:000242CC       Finalization
 0001:00024304       Finalization
 0001:0002433C       Finalization
 0001:00024374       Finalization
 0001:00059E24       Finalization
 0001:00025438       Finalization
 0001:00055BFC       Finalization
 0001:000253E0       Finalization
 0001:00025388       Finalization
 0001:00055ED4       Finalization
 0001:00025324       Finalization
 0001:00055F24       Finalization
 0001:00055F5C       Finalization
 0001:000252BC       Finalization
 0001:00056270       Finalization
 0001:0002526C       Finalization
 0001:000566A4       Finalization
 0001:0002520C       Finalization
 0001:0000C8C0       Finalization
 0001:000566DC       Finalization
 0001:00056714       Finalization
 0001:0002513C       Finalization
 0001:000250A8       Finalization
 0001:000105B0       Finalization
 0001:00024980       Finalization
 0001:00024FF8       Finalization
 0001:00019D94       Finalization
 0001:00025070       Finalization
 0001:0001A150       Finalization
 0001:000040BC       FinalizeArray
 0001:0005CCA8       FinalizeLibrariesHookExcept
 0001:00057110       FinalizeSysInfo
 0001:00002E64       FinalizeUnits
 0001:00045ED8       Find
 0001:000043A8       FindBS
 0001:00012820       FindClass
 0001:00004310       FindClassHInstance
 0001:00000234       FindClose
 0001:00000DE4       FindCommitted
 0001:0002FC18       FindControl
 0001:0003C2D4       FindControlAtPos
 0001:0000FA34       FindCustomVariantType
 0001:0000FAEC       FindCustomVariantType
 0001:000315E4       FindDragTarget
 0001:00016910       FindExistingComponent
 0001:0000023C       FindFirstFile
 0001:00012C0C       FindGlobalComponent
 0001:00049A8C       FindGlobalComponent
 0002:00002860       FindGlobalComponentProcs
 0001:000042E8       FindHInstance
 0001:00012AB4       FindIdentToInt
 0002:00002A70       FindMsg
 0001:00015AA0       FindNestedComponent
 0001:0005DE18       FindParam
 0001:000420E0       FindPopupControl
 0001:0000CF44       FindProc
 0001:00005374       FindResource
 0001:00004360       FindResourceHInstance
 0001:000536D4       FindScanline
 0001:0002C3EC       FindString
 0001:000499E4       FindTopMostWindow
 0001:000177F4       FindUniqueName
 0001:000315B0       FindVCLWindow
 0001:00005874       FindWindow
 0001:0002D404       FindWinHelp
 0001:0001E83C       FixupBitFields
 0002:00000CDC       Flags
 0002:0000279C       FLanguages
 0001:00023644       FlatSB
 0002:00002940       FlatSB_EnableScrollBar
 0002:0000294C       FlatSB_GetScrollInfo
 0002:00002950       FlatSB_GetScrollPos
 0002:00002948       FlatSB_GetScrollRange
 0002:00002958       FlatSB_SetScrollInfo
 0002:00002954       FlatSB_SetScrollPos
 0001:00023334       FlatSB_SetScrollProp
 0002:0000295C       FlatSB_SetScrollRange
 0002:00002944       FlatSB_ShowScrollBar
 0001:00008540       FloatToDecimal
 0001:00008880       FloatToStr
 0001:0000826C       FloatToText
 0001:00001D34       Flush
 0002:0000017C       FMSecsPerDay
 0001:00008160       FmtStr
 0002:00000CF8       FocusCount
 0002:00000CF4       FocusMessages
 0002:000005E8       FontCharsets
 0002:000028D8       FontManager
 0001:00049A60       ForegroundTask
 0002:00000184       Format
 0001:0000814C       Format
 0001:00007D3C       FormatBuf
 0001:00007D30       FormatClearStr
 0001:00007CB4       FormatError
 0002:00000160       FormatErrorStrs
 0001:0000537C       FormatMessage
 0001:0005C0FC       FormatProcName
 0001:00007D0C       FormatVarToStr
 0001:00053F00       Forms
 0001:00001FE0       FPower10
 0002:0000071C       FPrinter
 0001:0000587C       FrameRect
 0001:0000C4A0       FreeAndNil
 0001:00000AE4       FreeCommitted
 0001:0000111C       FreeCurAlloc
 0001:000316A4       FreeDeviceContext
 0001:00031760       FreeDeviceContexts
 0001:00019B60       FreeIntConstList
 0001:00000244       FreeLibrary
 0001:00005384       FreeLibrary
 0001:0001E398       FreeMemoryContexts
 0001:0005C768       FreeNotifiers
 0001:00019C94       FreeObjectInstance
 0001:00005394       FreeResource
 0001:000006B4       FreeSpace
 0001:0000BFA0       FreeTerminateProcs
 0001:000237F8       FreeThemeLibrary
 0002:00002AE4       FRichEditModule
 0001:0001CE30       GDICheck
 0001:0001CD88       GDIError
 0001:00001C98       Get8087CW
 0001:0000539C       GetACP
 0001:00005884       GetActiveWindow
 0001:000512D8       GetAnimation
 0001:00005604       GetBitmapBits
 0001:00000370       GetBlockDesc
 0001:0000560C       GetBrushOrgEx
 0001:0000588C       GetCapture
 0001:0002FEE0       GetCaptureControl
 0001:000127CC       GetClass
 0001:00005894       GetClassInfo
 0001:0000589C       GetClassName
 0001:000058A4       GetClientRect
 0001:00005614       GetClipBox
 0001:0000030C       GetCmdShow
 0001:0003FC40       GetColor
 0001:00025510       GetComCtlVersion
 0001:0000024C       GetCommandLine
 0001:000008F8       GetCommitted
 0001:000009A0       GetCommittedAt
 0001:00036D54       GetControlAtPos
 0001:00008EA8       GetCount
 0001:000053A4       GetCPInfo
 0001:0000561C       GetCurrentPositionEx
 0001:000053AC       GetCurrentProcessId
 0002:00002A24       GetCurrentThemeName
 0001:000053B4       GetCurrentThreadId
 0001:000002FC       GetCurrentThreadId
 0001:00005C40       GetCurrentTime
 0001:000058AC       GetCursor
 0001:000536E4       GetCursorHeightMargin
 0001:000058B4       GetCursorPos
 0001:00008ED8       GetDate
 0001:000053BC       GetDateFormat
 0001:00009B88       GetDateOrder
 0001:000058BC       GetDC
 0001:000058C4       GetDCEx
 0001:00005624       GetDCOrgEx
 0001:00020E98       GetDefFontCharSet
 0001:000058CC       GetDesktopWindow
 0001:0000563C       GetDeviceCaps
 0001:0001DD98       GetDIB
 0001:0000562C       GetDIBColorTable
 0001:00005634       GetDIBits
 0001:0001DCE0       GetDIBSizes
 0001:0001CFA0       GetDInColors
 0001:000053C4       GetDiskFreeSpaceA
 0002:00000130       GetDiskFreeSpaceEx
 0001:0003D58C       GetDockAlign
 0001:00030888       GetDockSiteAtPos
 0001:00030BB4       GetDropCtl
 0001:00002668       GetDynaMethod
 0001:0005D678       GetEBP
 0001:0000FE58       GetEnumNameValue
 0001:0000FEA4       GetEnumValue
 0001:0000A598       GetEraNamesAndYearOffsets
 0001:00009C1C       GetEraYearOffset
 0001:0005D67C       GetESP
 0001:0000AED8       GetExceptionClass
 0001:0000B0C4       GetExceptionObject
 0001:00012754       GetFieldClassTable
 0001:000053CC       GetFileAttributes
 0001:000053D4       GetFileSize
 0001:0000B334       GetFileVersion
 0001:00005574       GetFileVersionInfo
 0001:0000557C       GetFileVersionInfoSize
 0001:000058D4       GetFocus
 0001:0001B964       GetFontData
 0001:000058DC       GetForegroundWindow
 0001:0000BB48       GetFormatSettings
 0001:0005D680       GetFS
 0001:000053DC       GetFullPathName
 0001:0001AEAC       GetHashCode
 0001:0004E824       GetHelpInfo
 0001:00022708       GetHelpSystem
 0001:000510BC       GetHint
 0001:000510F4       GetHintControl
 0001:00047608       GetHotkey
 0001:000058E4       GetIconInfo
 0001:00061274       GetJmpDest
 0001:000058FC       GetKeyboardLayout
 0001:00005904       GetKeyboardLayoutList
 0001:0000590C       GetKeyboardState
 0001:000022CC       GetKeyboardType
 0001:000058EC       GetKeyNameText
 0001:000058F4       GetKeyState
 0001:00005914       GetLastActivePopup
 0001:0003B854       GetLastChildZone
 0001:000053E4       GetLastError
 0001:0000A35C       GetLocaleChar
 0001:000053F4       GetLocaleInfo
 0001:00000254       GetLocaleInfo
 0001:0000A310       GetLocaleStr
 0001:000053EC       GetLocalTime
 0001:00060108       GetLocationInfo
 0001:00060074       GetLocationInfo
 0001:00060198       GetLocationInfoStr
 0001:0002FE9C       GetLongHint
 0001:0000591C       GetMenu
 0001:0004E7AC       GetMenuHelpContext
 0001:00005924       GetMenuItemCount
 0001:0000592C       GetMenuItemID
 0001:00005934       GetMenuItemInfo
 0001:00044724       GetMenuSize
 0001:0000593C       GetMenuState
 0001:00005944       GetMenuString
 0001:000053FC       GetModuleFileName
 0001:0000025C       GetModuleFileName
 0001:00056644       GetModuleFileNameEx
 0001:00005090       GetModuleHandle
 0001:00000264       GetModuleHandle
 0001:00005404       GetModuleHandle
 0001:00056674       GetModuleInformation
 0001:000578B4       GetModulePath
 0002:00002908       GetMonitorInfo
 0002:0000290C       GetMonitorInfoA
 0002:00002910       GetMonitorInfoW
 0001:0000A3C0       GetMonthDayNames
 0001:00056E5C       GetNativeSystemInfo
 0001:0000594C       GetNextWindow
 0001:00005644       GetObject
 0001:0000FF78       GetOrdProp
 0001:0000564C       GetPaletteEntries
 0001:00005954       GetParent
 0001:00049C58       GetParentForm
 0001:00005654       GetPixel
 0001:0000026C       GetProcAddress
 0001:0000540C       GetProcAddress
 0001:00055610       GetProcedureAddress
 0001:0000595C       GetProp
 0001:0000FF08       GetPropInfo
 0001:0004A118       GetRealScrollPosition
 0001:0003FC20       GetRGBColor
 0001:00005964       GetScrollInfo
 0001:0000596C       GetScrollPos
 0001:00005974       GetScrollRange
 0001:0002FE58       GetShortHint
 0001:000005D8       GetSpace
 0001:0000063C       GetSpaceAt
 0001:00042170       GetSpecialName
 0001:0005D688       GetStackTop
 0001:00000274       GetStartupInfo
 0001:000001F4       GetStdHandle
 0001:00005414       GetStdHandle
 0001:0000565C       GetStockObject
 0001:0000541C       GetStringTypeEx
 0001:00005424       GetStringTypeExA
 0001:0000597C       GetSubMenu
 0001:00005984       GetSysColor
 0001:0000598C       GetSysColorBrush
 0001:0000542C       GetSystemInfo
 0001:00005994       GetSystemMenu
 0002:000028F8       GetSystemMetrics
 0001:0000599C       GetSystemMetrics
 0001:00005664       GetSystemPaletteEntries
 0001:0000566C       GetTextExtentPoint32
 0001:00005674       GetTextMetrics
 0002:00002A1C       GetThemeAppProperties
 0002:00002988       GetThemeBackgroundContentRect
 0002:0000298C       GetThemeBackgroundExtent
 0002:0000299C       GetThemeBackgroundRegion
 0002:000029C0       GetThemeBool
 0002:000029B4       GetThemeColor
 0002:00002A28       GetThemeDocumentationProperty
 0002:000029C8       GetThemeEnumValue
 0002:000029E8       GetThemeFilename
 0002:000029D0       GetThemeFont
 0002:000029C4       GetThemeInt
 0002:000029DC       GetThemeIntList
 0002:000029D8       GetThemeMargins
 0002:000029B8       GetThemeMetric
 0002:00002990       GetThemePartSize
 0002:000029CC       GetThemePosition
 0002:000029E0       GetThemePropertyOrigin
 0002:000029D4       GetThemeRect
 0002:000029BC       GetThemeString
 0002:000029F4       GetThemeSysBool
 0002:000029EC       GetThemeSysColor
 0002:000029F0       GetThemeSysColorBrush
 0002:000029FC       GetThemeSysFont
 0002:00002A04       GetThemeSysInt
 0002:000029F8       GetThemeSysSize
 0002:00002A00       GetThemeSysString
 0002:00002994       GetThemeTextExtent
 0002:00002998       GetThemeTextMetrics
 0001:0000027C       GetThreadLocale
 0001:00005434       GetThreadLocale
 0001:0000543C       GetTickCount
 0001:00008F10       GetTime
 0001:000050BC       GetTlsSize
 0001:0005189C       GetTopMostWindows
 0001:0002FFE8       GetTopParent
 0001:000059A4       GetTopWindow
 0001:0000FE4C       GetTypeData
 0001:00000304       GetVersion
 0001:00005444       GetVersion
 0001:00055854       GetVersionEx
 0001:0000544C       GetVersionEx
 0001:000059AC       GetWindow
 0001:000059B4       GetWindowDC
 0001:000059BC       GetWindowLong
 0001:0000567C       GetWindowOrgEx
 0001:000059C4       GetWindowPlacement
 0001:000059CC       GetWindowRect
 0001:00056C44       GetWindowsVersion
 0001:000059D4       GetWindowText
 0002:00002A10       GetWindowTheme
 0001:000059DC       GetWindowThreadProcessId
 0001:000059E4       GetWindowThreadProcessId
 0001:00005454       GlobalAddAtom
 0001:0000545C       GlobalAlloc
 0001:00005C4C       GlobalAllocPtr
 0001:00005464       GlobalDeleteAtom
 0001:0000546C       GlobalFindAtom
 0002:00002864       GlobalFixupList
 0001:00015BE8       GlobalFixupReferences
 0001:00005474       GlobalFree
 0001:00005C78       GlobalFreePtr
 0001:00005484       GlobalHandle
 0001:0000547C       GlobalLock
 0002:00003224       GlobalModulesList
 0002:00002848       GlobalNameSpace
 0001:0000548C       GlobalReAlloc
 0001:00005C5C       GlobalReAllocPtr
 0002:00003220       GlobalStackList
 0001:00005494       GlobalUnlock
 0001:00021364       Graphics
 0001:00012948       GroupDescendentsWith
 0001:0004EA2C       HandleEdge
 0001:0001704C       HandleException
 0002:00000024       HeapAllocFlags
 0002:000025C4       heapErrorCode
 0002:000025C8       heapLock
 0001:000232B0       HelpIntfs
 0002:00002934       HelpManager
 0002:00002A6C       HelpMsg
 0002:00002B08       HelpViewer
 0002:00002B0C       HelpViewerIntf
 0002:0000012C       HexDisplayPrefix
 0002:00000A04       HideSelections
 0001:0003D608       HideZone
 0002:00002664       HInstance
 0002:00002BC4       HintDoneEvent
 0001:000511C4       HintGetMsgHook
 0002:00002BC8       HintHook
 0001:00051168       HintMouseThread
 0002:00002BCC       HintThread
 0002:00002BC0       HintThreadID
 0001:00051114       HintTimerProc
 0002:00000CEC       HintWindowClass
 0002:000029A0       HitTestThemeBackground
 0001:0005C9E8       HookedExceptObjProc
 0001:0005C998       HookedRaiseException
 0002:0000320C       HookExceptModuleList
 0001:00051208       HookHintHooks
 0002:00003164       hPSAPI
 0001:00005D8C       HwndMSWheel
 0002:00000C80       IBreaks
 0002:00000C8C       IChecks
 0002:00000C94       IDefaults
 0001:0001B954       IdentToCharset
 0001:0001B74C       IdentToColor
 0001:0002FE48       IdentToCursor
 0001:00012B30       IdentToInt
 0002:00000C9C       IEnables
 0001:000454C8       IfHotkeyAvailable
 0001:00055730       ImageDirectoryEntryToData
 0002:00002B9C       ImageListWriteExProc
 0001:00021A24       ImageList_Add
 0001:00021A44       ImageList_AddIcon
 0001:00021A68       ImageList_BeginDrag
 0001:00021A0C       ImageList_Create
 0001:00021A14       ImageList_Destroy
 0001:00021A78       ImageList_DragEnter
 0001:00021A80       ImageList_DragLeave
 0001:00021A88       ImageList_DragMove
 0001:00021A98       ImageList_DragShowNolock
 0001:00021A50       ImageList_Draw
 0001:00021A58       ImageList_DrawEx
 0001:00021A70       ImageList_EndDrag
 0001:00021A3C       ImageList_GetBkColor
 0001:00021AA0       ImageList_GetDragImage
 0001:00021AB8       ImageList_GetIconSize
 0001:00021A1C       ImageList_GetImageCount
 0001:00021AA8       ImageList_Read
 0001:00021A60       ImageList_Remove
 0001:00021A2C       ImageList_ReplaceIcon
 0001:00021A34       ImageList_SetBkColor
 0001:00021A90       ImageList_SetDragCursorImage
 0001:00021AC0       ImageList_SetIconSize
 0001:00021AB0       ImageList_Write
 0001:00055798       ImageRvaToSection
 0001:000557F8       ImageRvaToVa
 0002:00000BF0       Images
 0001:000411A8       ImgList
 0001:000222B8       Imm
 0002:00000BD4       IMM32DLL
 0001:0003E1F8       Imm32IsIME
 0002:00000180       IMSecsPerDay
 0001:0000E064       InBounds
 0001:0000DDC4       InBounds
 0001:0000E094       Increment
 0001:0000DDF4       Increment
 0001:000059EC       InflateRect
 0002:00000E1C       InfMantissa
 0001:00025304       IniFiles
 0001:00000B78       InitAllocator
 0001:00021B00       InitAnApi
 0002:00002920       InitApis
 0001:00012DD8       InitComponent
 0002:00002634       InitContext
 0001:0003E294       InitControls
 0001:00020EDC       InitDefFontData
 0001:0000BFCC       InitDriveSpacePtr
 0001:0000B1A0       InitExceptions
 0001:00023390       InitFlatSB
 0001:0002482C       InitGlobals
 0001:0001DB98       InitializeBitmapInfoHeader
 0001:0000549C       InitializeCriticalSection
 0001:00000350       InitializeCriticalSection
 0002:000025C0       initialized
 0001:00023368       InitializeFlatSB
 0001:00005148       InitializeModule
 0001:0000CF70       InitializeVarUtils
 0001:0003DE98       InitIMM32
 0001:00012E80       InitInheritedComponent
 0001:0000B958       InitLeadBytes
 0001:000221DC       InitMultiMonStubs
 0001:0000B2A4       InitPlatformId
 0002:00002040       InitProc
 0001:00053E18       InitProcs
 0001:00020E60       InitScreenLogPixels
 0001:00056F34       InitSysInfo
 0001:0000B9D0       InitSysLocale
 0001:000239B8       InitThemeLibrary
 0001:00018958       InitThreadSynchronization
 0001:000050C4       InitThreadTLS
 0001:00055F94       InitToolHelp
 0001:00002ED4       InitUnits
 0001:0002FB2C       InitWndProc
 0002:00000B74       InnerStyles
 0002:0000204C       Input
 0001:00050BEC       InsertBefore
 0001:00035590       InsertBefore
 0001:00001024       InsertFree
 0001:0004557C       InsertHotkeyFarEastFormat
 0001:000059F4       InsertMenu
 0001:000059FC       InsertMenuItem
 0002:00002880       InstBlockList
 0002:00002884       InstFreeList
 0002:00002858       IntConstList
 0002:00000A7C       IntegralHeights
 0002:00000E6C       IntelCacheDescription
 0001:0000C034       InterlockedDecrement
 0001:000002F4       InterlockedDecrement
 0001:0000C040       InterlockedExchange
 0001:0000538C       InterlockedExchange
 0001:0000C048       InterlockedExchangeAdd
 0001:0000C028       InterlockedIncrement
 0001:000002EC       InterlockedIncrement
 0001:0001AE38       InternalDeletePalette
 0001:00001CEC       InternalFlush
 0001:00000E64       InternalFreeMem
 0001:0001DCE8       InternalGetDIB
 0001:0001DC7C       InternalGetDIBSizes
 0001:00012C70       InternalReadComponentRes
 0002:00002AF0       InternalServices
 0001:0000370C       InternalUniqueString
 0001:00005684       IntersectClipRect
 0001:00005A04       IntersectRect
 0001:0000749C       IntToHex
 0001:00012B70       IntToIdent
 0001:00007388       IntToStr
 0001:00007474       IntToStr
 0001:00005A0C       InvalidateRect
 0001:0001CD1C       InvalidBitmap
 0001:0001CD04       InvalidGraphic
 0001:0001CD28       InvalidIcon
 0001:0001CCEC       InvalidOperation
 0001:00011CDC       InvalidPoint
 0002:00002798       InvalidPointer
 0001:00002514       InvokeImplGetter
 0001:00001C28       IOResult
 0002:00000CBC       IOwnerDraw
 0002:00000CA4       IRadios
 0002:00000CB4       IRTL
 0001:00049BE8       IsAccel
 0001:0004675C       IsAccelChar
 0002:00002A0C       IsAppThemed
 0001:000054A4       IsBadReadPtr
 0001:00030640       IsBeforeTargetWindow
 0001:00005A14       IsChild
 0002:00002048       IsConsole
 0001:0005DC54       IsDecDigit
 0001:00030A9C       IsDelphiHandle
 0001:00005A1C       IsDialogMessage
 0002:00000CAC       ISeparators
 0001:00005A24       IsIconic
 0001:000467B8       IsInitialChar
 0001:00008AC0       IsLeapYear
 0002:00002034       IsLibrary
 0002:00002049       IsMultiThread
 0001:0003B2B8       IsOrientationSet
 0001:00005A2C       IsRectEmpty
 0001:00030844       IsSiteChildOfClient
 0001:00056BF8       IsSystemModule
 0002:00002A08       IsThemeActive
 0002:000029B0       IsThemeBackgroundPartiallyTransparent
 0002:00002A18       IsThemeDialogTextureEnabled
 0002:000029AC       IsThemePartDefined
 0001:00012C4C       IsUniqueGlobalComponentName
 0002:0000284C       IsUniqueGlobalComponentNameProc
 0001:000072D8       IsValidIdent
 0001:0000B9B8       IsWesternGroup
 0002:00000E58       IsWin2003
 0002:00000E60       IsWin2003R2
 0002:00000E50       IsWin2K
 0002:00000E24       IsWin95
 0002:00000E28       IsWin95OSR2
 0002:00000E2C       IsWin98
 0002:00000E30       IsWin98SE
 0001:00005A34       IsWindow
 0001:00005A3C       IsWindowEnabled
 0001:00005A44       IsWindowVisible
 0002:00000E68       IsWinLonghorn
 0002:00000E34       IsWinME
 0002:00000E38       IsWinNT
 0002:00000E3C       IsWinNT3
 0002:00000E40       IsWinNT31
 0002:00000E44       IsWinNT35
 0002:00000E48       IsWinNT351
 0002:00000E4C       IsWinNT4
 0002:00000E64       IsWinVista
 0002:00000E54       IsWinXP
 0002:00000E5C       IsWinXP64
 0001:00005A4C       IsZoomed
 0001:0004253C       Iterate
 0001:0004259C       IterateMenus
 0001:00055BF4       Jcl8087
 0001:0005CA6C       JclAddExceptNotifier
 0001:000555D0       JclBase
 0001:0005CA30       JclBelongsHookedCode
 0001:000558C4       JclConsole
 0001:00061234       JclCreateExceptFrameList
 0001:00060C54       JclCreateStackList
 0001:000573D4       JclDateTime
 0001:000617B4       JclDebug
 0001:000579F0       JclFileUtils
 0001:0005CC78       JclHookedExceptModulesList
 0001:0005CE2C       JclHookExcept
 0002:00003210       JclHookExceptDebugHook
 0001:0005CB94       JclHookExceptions
 0001:00056744       JclIniFiles
 0001:00060BF4       JclLastExceptStackList
 0001:00060C0C       JclLastExceptStackListToStrings
 0001:000559BC       JclLogic
 0001:00055C2C       JclMath
 0001:00059E54       JclPeImage
 0001:0005670C       JclRegistry
 0001:0005CAE4       JclRemoveExceptNotifier
 0001:000553BC       JclResources
 0001:0005739C       JclSecurity
 0001:00057360       JclShell
 0002:000012B0       JclStackTrackingOptions
 0001:0006166C       JclStartExceptionTracking
 0001:000616B0       JclStopExceptionTracking
 0001:00055BAC       JclStrings
 0001:00059FB0       JclSynch
 0001:00057304       JclSysInfo
 0001:00055F1C       JclSysUtils
 0001:0005C5A4       JclTD32
 0001:00055920       JclWideStrings
 0001:0005588C       JclWin32
 0002:0000002C       JITEnable
 0002:00003200       Kernel32_RaiseException
 0002:0000311C       KernelHandle
 0002:000031D0       KernelVersionHi
 0001:00049B9C       KeyboardStateToShiftState
 0001:00049B60       KeyDataToShiftState
 0001:00049B0C       KeysToShiftState
 0001:00005A54       KillTimer
 0001:00007840       LastDelimiter
 0001:0000B8E4       LCIDToCodePage
 0001:00004EF4       LCIDToCodePage
 0002:0000010C       LeadBytes
 0001:000054AC       LeaveCriticalSection
 0001:00000360       LeaveCriticalSection
 0002:00000034       LibModuleList
 0001:0000568C       LineTo
 0001:00025468       ListActns
 0001:0003162C       ListAdd
 0001:00031654       ListRemove
 0002:0000274E       ListSeparator
 0001:00005A5C       LoadBitmap
 0001:00055A00       LoadCaseMap
 0001:000559C4       LoadCharTypes
 0001:00005A64       LoadCursor
 0001:00056B58       LoadedModulesList
 0001:00005A6C       LoadIcon
 0001:00005A74       LoadKeyboardLayout
 0001:000054B4       LoadLibrary
 0001:00000284       LoadLibraryEx
 0001:000054BC       LoadResource
 0001:000045AC       LoadResourceModule
 0001:00004E9C       LoadResString
 0001:0000028C       LoadString
 0001:00005A7C       LoadString
 0001:00000330       LocalAlloc
 0001:00005098       LocalAlloc
 0001:00000338       LocalFree
 0001:0000A384       LocalGetLocaleStr
 0002:00002A40       Lock
 0001:000054C4       LockResource
 0002:00002690       LongDateFormat
 0002:00002724       LongDayNames
 0002:000026D8       LongMonthNames
 0002:000026A4       LongTimeFormat
 0001:00006F20       LowerCase
 0001:0000556C       lstrcpy
 0001:00000294       lstrcpyn
 0002:00002820       LVarTypes
 0002:00002824       LVarTypeSync
 0002:00003230       MainForm
 0002:0000202C       MainInstance
 0002:00002030       MainThreadID
 0001:000003F4       MakeEmpty
 0001:00003010       MakeErrorMessage
 0002:00000BC0       MakeLast
 0001:00005C34       MakeLong
 0001:00005CCC       MakeLParam
 0001:00019BFC       MakeObjectInstance
 0001:00005C8C       MakeROP4
 0001:00005CC4       MakeWParam
 0001:0000AE58       MapException
 0001:000253D8       Mapi
 0002:00000948       MAPIDLL
 0002:0000094C       MAPIModule
 0001:00002CDC       MapToRunError
 0001:000054CC       MapViewOfFile
 0001:00005A84       MapVirtualKey
 0001:00005A8C       MapWindowPoints
 0001:00059AB4       MarkQualifier
 0002:00000BF8       Mask
 0001:00005694       MaskBlt
 0001:000214A0       Math
 0001:00055934       Max
 0001:00021468       Max
 0001:0004C4B8       MaximizedChildren
 0002:0000003C       MemoryManager
 0002:00000C14       MenuKeyCaps
 0001:000477D8       Menus
 0001:0000048C       MergeBlockAfter
 0001:00001168       MergeCommit
 0001:0000022C       MessageBox
 0001:00005A94       MessageBox
 0001:00005EEC       Messages
 0001:00055960       Min
 0001:000135F0       Min
 0001:00021460       Min
 0001:00034ED8       MinVar
 0002:00002928       MMAvailable
 0002:00000BD8       ModeMap
 0001:0004E1B8       ModifySystemMenu
 0002:000000A4       Module
 0001:00056230       Module32First
 0001:00056250       Module32Next
 0001:00056BC0       ModuleFromAddr
 0002:00002661       ModuleIsCpp
 0002:00002660       ModuleIsLib
 0001:00019BCC       ModuleUnload
 0002:00000038       ModuleUnloadList
 0002:00002904       MonitorFromPoint
 0002:00002900       MonitorFromRect
 0002:000028FC       MonitorFromWindow
 0002:000000DC       MonthDays
 0002:00002B10       Mouse
 0001:00001C48       Move
 0001:0000569C       MoveToEx
 0001:00031674       MoveWindowOrg
 0001:000054D4       MulDiv
 0001:000002A4       MultiByteToWideChar
 0002:00000E08       MultiCaster
 0002:00000A84       MultiColumns
 0001:000538A4       MultiLineWidth
 0001:00022278       MultiMon
 0002:00000A6C       MultiSelects
 0002:000031D8       MyGetFreeSystemResources
 0001:0005F5B0       NeedDebugInfoList
 0002:00002685       NegCurrFormat
 0001:000011F4       NewCommit
 0001:00001220       NewCommitAt
 0002:00002B14       NewStyleControls
 0001:0000B71C       NextCharIndex
 0001:0003B29C       NextVisibleZone
 0002:000003E0       NilMethod
 0002:00000030       NoErrMsg
 0001:00043350       NormalDraw
 0002:00003208       Notifiers
 0001:00002894       NotifyAnyExcept
 0001:00002868       NotifyExcept
 0001:000028C8       NotifyExceptFinally
 0001:00012D4C       NotifyGlobalLoading
 0001:000048E8       NotifyModuleUnload
 0001:00002844       NotifyNonDelphiException
 0001:00002880       NotifyOnExcept
 0001:00002828       NotifyReRaise
 0001:000028F0       NotifyTerminate
 0001:0000290C       NotifyUnhandled
 0001:00008D94       Now
 0001:00046108       NthParentOf
 0001:0000FBD4       Null
 0002:0000031C       NullAsStringValue
 0002:00000318       NullStrictConvert
 0001:0002FBE4       ObjectFromHWnd
 0002:00000A0C       OEMConverts
 0001:00005A9C       OemToAnsi
 0001:00005AA4       OffsetRect
 0001:000054DC       OpenProcess
 0002:00002978       OpenThemeData
 0002:00000BB8       OrientArray
 0002:00000B84       OuterStyles
 0002:00002794       OutOfMemory
 0001:0001CD34       OutOfResources
 0002:00002218       Output
 0002:00000320       PackVarCreation
 0002:00001270       PageSize
 0001:0002BF5C       PaintListBox
 0002:000006DC       Pal16
 0001:0001B240       PaletteChanged
 0001:0001D52C       PaletteFromDIBColorTable
 0001:0001D5D0       PaletteToDIBColorTable
 0002:000006D8       PalSize
 0001:0003B680       ParentNotLast
 0002:000009E8       Passwords
 0001:000056A4       PatBlt
 0001:000577C4       PathExtractFileNameNoExt
 0001:0005781C       PathRemoveExtension
 0002:000028E8       PatternManager
 0001:00059D44       PeBorUnmangleName
 0001:00005AAC       PeekMessage
 0001:0005971C       PeMapImgFindSection
 0001:00059684       PeMapImgNtHeaders
 0001:000596EC       PeMapImgSections
 0002:000028DC       PenManager
 0002:000006A8       PenModes
 0002:00000688       PenStyles
 0001:000051EC       Point
 0001:00011C64       Point
 0001:0001209C       PointerInModule
 0001:00036774       PointsEqual
 0001:00005CAC       PointToSmallPoint
 0002:00002BA0       PopupList
 0001:00005AB4       PostMessage
 0001:00005ABC       PostQuitMessage
 0001:0002332C       Printers
 0001:0004F8CC       ProcessExecute
 0001:00049E18       ProcessHorz
 0002:00001268       ProcessorCount
 0001:0004F9CC       ProcessUpdate
 0001:00049E84       ProcessVert
 0001:00015EE4       PropertyNotFound
 0001:0001714C       PropPathError
 0002:00000D1C       Props
 0001:00015ED8       PropValueError
 0001:000566D4       PsAPI
 0001:00005AC4       PtInRect
 0002:000000A0       PtrToNil
 0002:000012D4       PublicsByNameHeader
 0002:000012E4       PublicsByValueHeader
 0001:00008228       PutExponent
 0002:00002B58       QualifyingSites
 0001:000132FC       QuickSort
 0001:0000AE14       RaiseAssertException
 0001:000001FC       RaiseException
 0001:00014EF8       RaiseException
 0001:0005C6A4       RaiseExceptionAddress
 0002:00002014       RaiseExceptionProc
 0001:0000BEC8       RaiseLastOSError
 0001:0005DD98       ReadAddress
 0001:0003C3F0       ReadControlName
 0001:0001838C       ReadCustomVariant
 0001:0005DCB4       ReadDecValue
 0001:00015EC0       ReadError
 0001:000054E4       ReadFile
 0001:0005DCF4       ReadHexValue
 0001:0001D884       ReadIcon
 0001:00059C30       ReadName
 0001:00059BD4       ReadNameSymbol
 0002:000009F0       ReadOnlys
 0001:00059B70       ReadRTTI
 0001:00059AE0       ReadSpecialSymbol
 0001:0005DDE0       ReadString
 0001:0005DC70       ReadTextLine
 0001:000056AC       RealizePalette
 0001:00016700       Recover
 0001:00011C8C       Rect
 0001:000051D0       Rect
 0001:000056B4       RectVisible
 0001:00005ACC       RedrawWindow
 0002:00002818       RefAnyProc
 0002:00002A3C       ReferenceCount
 0001:00005314       RegCloseKey
 0001:000002AC       RegCloseKey
 0002:0000285C       RegGroups
 0001:00005AD4       RegisterClass
 0001:00012840       RegisterClass
 0001:00005ADC       RegisterClipboardFormat
 0001:000309E4       RegisterDockSite
 0002:0000322C       RegisteredThreadList
 0001:00012BB4       RegisterFindGlobalComponentProc
 0001:00012A88       RegisterIntegerConsts
 0001:00004944       RegisterModule
 0001:00022684       RegisterViewer
 0001:00005AE4       RegisterWindowMessage
 0001:0002536C       Registry
 0001:000002B4       RegOpenKeyEx
 0001:0000531C       RegOpenKeyEx
 0001:00005324       RegQueryValueEx
 0001:000002BC       RegQueryValueEx
 0001:0002428C       RegStr
 0001:00005AEC       ReleaseCapture
 0001:00005AF4       ReleaseDC
 0002:00000048       reMap
 0002:00002618       remBytes
 0001:00000514       RemoveBlock
 0002:000003BC       RemoveDataModule
 0001:00015D90       RemoveFixupReferences
 0001:00015E3C       RemoveFixups
 0001:00016134       RemoveGlobalFixup
 0001:00005AFC       RemoveMenu
 0001:00004860       RemoveModuleUnloadProc
 0001:00004838       RemoveModuleUnloadProc
 0001:00005B04       RemoveProp
 0001:000054EC       ResetEvent
 0001:000189A4       ResetSyncEvent
 0001:00001758       ResizeInPlace
 0002:000031D4       ResmeterLibHandle
 0002:000012F4       ResourceFilesHeader
 0001:000056BC       RestoreDC
 0001:000497A0       RestoreFocusState
 0001:00013010       ReturnAddr
 0001:00013D94       ReturnAddr
 0001:00042110       ReturnAddr
 0001:0001D2B0       RGBQuadToTriple
 0001:0001D268       RGBTripleToQuad
 0001:000241E4       RichEdit
 0002:00002B28       RM_GetObjectInstance
 0002:00002BBC       RM_TaskbarCreated
 0002:00002614       rover
 0002:00001274       RtdlMsiLibHandle
 0002:00000950       RTFConversionFormat
 0001:0000FE18       RTLConsts
 0001:00000204       RtlUnwind
 0002:00002018       RTLUnwindProc
 0002:0000006C       runErrMsg
 0001:00001B50       RunErrorAt
 0001:0000CF24       SafeArrayCreate
 0001:0000CF2C       SafeArrayGetLBound
 0001:0000CF34       SafeArrayGetUBound
 0001:0000CF3C       SafeArrayPtrOfIndex
 0001:0000C56C       SafeLoadLibrary
 0001:00007014       SameText
 0001:000056C4       SaveDC
 0001:00049790       SaveFocusState
 0001:00009A0C       ScanBlanks
 0001:00009B50       ScanChar
 0001:00009CCC       ScanDate
 0001:00009A30       ScanNumber
 0001:00009AC4       ScanString
 0001:0000A010       ScanTime
 0001:00009BD4       ScanToNumber
 0002:00002BB4       Screen
 0002:00002894       ScreenLogPixels
 0001:00005B0C       ScreenToClient
 0002:00000A30       ScrollBar
 0001:00049FD0       ScrollBarVisible
 0001:00005B14       ScrollWindow
 0001:00055CB8       SearchDynArray
 0001:00001254       SearchSmallBlocks
 0001:0005E394       Search_MapLineNumber
 0001:0005E698       Search_MapProcName
 0002:000012C4       SegmentsHeader
 0001:000056CC       SelectObject
 0001:000056D4       SelectPalette
 0001:0002FC74       SendAppMessage
 0001:00049A20       SendFocusMessage
 0001:00005B1C       SendMessage
 0002:00000C78       Separators
 0001:00001C88       Set8087CW
 0001:00005B24       SetActiveWindow
 0001:00051308       SetAnimation
 0001:000056DC       SetBkColor
 0001:000056E4       SetBkMode
 0001:000056EC       SetBrushOrgEx
 0001:00005B2C       SetCapture
 0001:0002FF08       SetCaptureControl
 0001:00005B34       SetClassLong
 0001:0000F760       SetClearVarToEmptyParam
 0001:00016870       SetCompName
 0001:00005B3C       SetCursor
 0001:000056F4       SetDIBColorTable
 0001:000054F4       SetEndOfFile
 0001:000054FC       SetErrorMode
 0001:00005504       SetEvent
 0001:00002E1C       SetExceptionHandler
 0001:0000550C       SetFilePointer
 0001:0001027C       SetFloatProp
 0001:00005B44       SetFocus
 0001:00005B4C       SetForegroundWindow
 0001:0003E11C       SetImeMode
 0001:00001BD4       SetInOutRes
 0001:00010500       SetInt64Prop
 0001:0001053C       SetInterfaceProp
 0001:0001742C       SetInterfaceReference
 0001:00017348       SetIntIdent
 0002:00000CF0       SetLayeredWindowAttributes
 0001:000100E4       SetLongStrProp
 0001:00005B54       SetMenu
 0001:00005B5C       SetMenuItemInfo
 0001:000104C8       SetMethodProp
 0001:00017390       SetObjectIdent
 0001:0000FFEC       SetOrdProp
 0001:00005B64       SetParent
 0001:000056FC       SetPixel
 0001:00005B6C       SetProp
 0001:00005B74       SetRect
 0001:00005704       SetROP2
 0001:00005B7C       SetScrollInfo
 0001:00005B84       SetScrollPos
 0001:00005B8C       SetScrollRange
 0001:00010048       SetShortStrProp
 0001:0001009C       SetShortStrPropAsLongStr
 0001:0000570C       SetStretchBltMode
 0001:0001017C       SetStrProp
 0001:00016678       SetSubComponentState
 0001:00005714       SetTextColor
 0002:00002A20       SetThemeAppProperties
 0001:00005514       SetThreadLocale
 0001:00005B94       SetTimer
 0001:0000F748       SetVarAsError
 0001:00010488       SetVariantProp
 0001:000173D0       SetVariantReference
 0001:0000571C       SetViewportOrgEx
 0001:000533A8       SetVisible
 0001:000101A8       SetWideStrProp
 0001:00010124       SetWideStrPropAsLongStr
 0001:00005B9C       SetWindowLong
 0001:00005724       SetWindowOrgEx
 0001:00005BA4       SetWindowPlacement
 0001:00005BAC       SetWindowPos
 0001:00005BBC       SetWindowsHookEx
 0001:00005BB4       SetWindowText
 0002:000029E4       SetWindowTheme
 0002:0000014C       ShareMode
 0001:00024254       ShellAPI
 0002:00002AE0       ShellModule
 0001:00024334       ShlObj
 0001:00042138       ShortCut
 0002:00002BA4       ShortCutItems
 0001:000421C4       ShortCutToText
 0002:0000268C       ShortDateFormat
 0002:00002708       ShortDayNames
 0002:000026A8       ShortMonthNames
 0002:000026A0       ShortTimeFormat
 0002:00000D5C       ShowCommands
 0002:00000D50       ShowCommands
 0002:00000D68       ShowCommands
 0001:00005BC4       ShowCursor
 0001:0000AA14       ShowException
 0002:00000B6C       ShowFlags
 0002:00000E04       ShowFlags
 0001:000497A8       ShowMDIClientEdge
 0001:00005BCC       ShowOwnedPopups
 0001:00005BD4       ShowScrollBar
 0001:00005BDC       ShowWindow
 0001:00051330       ShowWinNoAnimate
 0001:0003D688       ShowZone
 0001:0005E984       SimpleCryptString
 0002:00000BCC       SizeCursors
 0001:0000551C       SizeofResource
 0001:00017EC0       SkipBinary
 0001:00017EF0       SkipCollection
 0001:0005DC14       SkipEndLine
 0001:00017E98       SkipList
 0001:0005DBF4       SkipWhiteSpace
 0001:0000BEC0       Sleep
 0001:00005524       Sleep
 0001:00011C7C       SmallPoint
 0001:00005C98       SmallPointToPoint
 0002:00002620       smallTab
 0001:00055F8C       Snmp
 0002:00000A64       Sorteds
 0002:00001278       SortFunctions
 0002:000025E8       spaceRoot
 0001:00061C24       StackTrackDemoMain
 0001:00061F30       StackTrackExample
 0001:000128FC       StartClassGroup
 0001:0002C9D0       StdActns
 0001:0002C868       StdCtrls
 0001:00019BD4       StdWndProc
 0002:0000289C       StockBrush
 0002:000028A0       StockFont
 0002:000028A4       StockIcon
 0002:00002898       StockPen
 0001:00007C48       StrAlloc
 0001:00007C5C       StrBufSize
 0001:0000B4BC       StrByteType
 0001:0000B6AC       StrCharLength
 0001:00007B04       StrComp
 0001:00007A54       StrCopy
 0001:00007CA4       StrDispose
 0001:000408F4       StreamsEqual
 0001:00007A30       StrEnd
 0001:0000572C       StretchBlt
 0001:000080B4       StrFmt
 0001:00007B28       StrIComp
 0001:00014D94       StringListCompareStrings
 0001:00047570       StripHotkey
 0001:00007B68       StrLComp
 0001:00007A7C       StrLCopy
 0001:00055AA8       StrLen
 0001:00007A18       StrLen
 0001:00008100       StrLFmt
 0001:00007B90       StrLIComp
 0001:00007A44       StrMove
 0001:00007C70       StrNew
 0001:0000B6CC       StrNextChar
 0001:00007AB0       StrPCopy
 0001:00007ADC       StrPLCopy
 0001:00007BF4       StrPos
 0001:00055AE0       StrResetLength
 0001:00007BD4       StrScan
 0001:000074C4       StrToInt
 0001:00007500       StrToIntDef
 0001:0002516C       StrUtils
 0002:00000D44       Styles
 0002:00000A50       Styles
 0001:0000C4B0       Supports
 0001:0000C4D4       Supports
 0002:00002850       SyncEvent
 0002:000003E8       SyncList
 0001:000237F0       SyncObjs
 0001:0005DE4C       SyncToHeader
 0001:0005DF48       SyncToPrefix
 0001:000002D4       SysAllocStringLen
 0001:0000620C       SysConst
 0002:00000D0C       SysConsts
 0002:00000D14       SysConsts
 0001:0000A2C4       SysErrorMessage
 0001:00001580       SysFreeMem
 0001:000002E4       SysFreeString
 0001:000013D4       SysGetMem
 0001:000051C8       SysInit
 0002:00002740       SysLocale
 0001:0000195C       SysReallocMem
 0001:000002DC       SysReAllocStringLen
 0001:00004FBC       System
 0002:0000288C       SystemPalette16
 0001:0001D494       SystemPaletteOverride
 0001:00005BE4       SystemParametersInfo
 0001:00055EBC       SystemTObjectInstance
 0001:0000CA40       SysUtils
 0002:00003204       SysUtils_ExceptObjProc
 0002:000012B4       TableHeader
 0002:00000A8C       TabStops
 0001:0003F290       TActionLink.IsCaptionLinked
 0001:0003F2A4       TActionLink.IsCheckedLinked
 0001:0003F2B8       TActionLink.IsEnabledLinked
 0001:0003F2CC       TActionLink.IsGroupIndexLinked
[...]
  1157 0001:0005E032  1159 0001:0005E03F  1161 0001:0005E046  1162 0001:0005E04C
  1164 0001:0005E051  1165 0001:0005E05D  1166 0001:0005E06D  1169 0001:0005E084
  1170 0001:0005E09C  1171 0001:0005E0A3  1172 0001:0005E0AD  1173 0001:0005E0B7
  1174 0001:0005E0C1  1175 0001:0005E0C8  1167 0001:0005E0DD  1177 0001:0005E0E8
  1180 0001:0005E0FF  1181 0001:0005E117  1182 0001:0005E11E  1183 0001:0005E128
  1184 0001:0005E131  1185 0001:0005E13B  1186 0001:0005E144  1187 0001:0005E14E
  1188 0001:0005E155  1178 0001:0005E16B  1190 0001:0005E176  1193 0001:0005E18D
  1194 0001:0005E1A5  1195 0001:0005E1AF  1196 0001:0005E1B6  1191 0001:0005E1C4
  1198 0001:0005E1CF  1201 0001:0005E1EA  1202 0001:0005E202  1203 0001:0005E20C
  1204 0001:0005E213  1199 0001:0005E221  1208 0001:0005E231  1209 0001:0005E23A
  1211 0001:0005E245  1210 0001:0005E24B  1212 0001:0005E256  1213 0001:0005E25D
  1215 0001:0005E271  1216 0001:0005E278  1217 0001:0005E282  1218 0001:0005E289
  1219 0001:0005E2A1  1220 0001:0005E2A8  1222 0001:0005E2B6  1224 0001:0005E2C7
  1225 0001:0005E2D3  1227 0001:0005E2DA  1229 0001:0005E2E8  1206 0001:0005E2F7
  1232 0001:0005E30B  1279 0001:0005E32C  1280 0001:0005E347  1281 0001:0005E354
  1282 0001:0005E377  1286 0001:0005E37C  1287 0001:0005E38B  1297 0001:0005E394
  1298 0001:0005E3A0  1299 0001:0005E3B0  1305 0001:0005E3B4  1306 0001:0005E3C3
  1307 0001:0005E3D1  1308 0001:0005E3D6  1309 0001:0005E3DD  1310 0001:0005E3FB
  1312 0001:0005E412  1313 0001:0005E422  1315 0001:0005E439  1320 0001:0005E440
  1322 0001:0005E44F  1325 0001:0005E49C  1326 0001:0005E4AF  1327 0001:0005E4C7
  1328 0001:0005E4EC  1329 0001:0005E501  1330 0001:0005E514  1331 0001:0005E51A
  1333 0001:0005E523  1334 0001:0005E531  1335 0001:0005E54F  1336 0001:0005E561
  1337 0001:0005E574  1341 0001:0005E57E  1342 0001:0005E584  1345 0001:0005E588
  1346 0001:0005E597  1347 0001:0005E5A0  1352 0001:0005E5A4  1353 0001:0005E5B3
  1354 0001:0005E5BB  1355 0001:0005E5CF  1357 0001:0005E5F8  1358 0001:0005E615
  1359 0001:0005E617  1354 0001:0005E61A  1360 0001:0005E620  1365 0001:0005E624
  1366 0001:0005E630  1367 0001:0005E637  1368 0001:0005E64B  1370 0001:0005E674
  1371 0001:0005E686  1372 0001:0005E688  1367 0001:0005E68B  1373 0001:0005E694
  1383 0001:0005E698  1384 0001:0005E6A4  1385 0001:0005E6B4  1391 0001:0005E6B8
  1392 0001:0005E6C7  1393 0001:0005E6D5  1394 0001:0005E6DD  1395 0001:0005E6E4
  1396 0001:0005E702  1398 0001:0005E719  1399 0001:0005E733  1401 0001:0005E747
  1404 0001:0005E750  1406 0001:0005E75F  1409 0001:0005E764  1410 0001:0005E773
  1412 0001:0005E77C  1413 0001:0005E794  1414 0001:0005E7B9  1415 0001:0005E7CE
  1416 0001:0005E7E1  1418 0001:0005E7E7  1421 0001:0005E7EC  1422 0001:0005E7F3
  1423 0001:0005E7FC  1424 0001:0005E804  1425 0001:0005E80C  1426 0001:0005E814
  1427 0001:0005E81C  1428 0001:0005E83C  1429 0001:0005E85C  1435 0001:0005E860
  1436 0001:0005E86F  1438 0001:0005E87C  1439 0001:0005E88A  1440 0001:0005E8A8
  1441 0001:0005E8BD  1442 0001:0005E8D6  1443 0001:0005E8E9  1445 0001:0005E903
  1451 0001:0005E90C  1452 0001:0005E91B  1453 0001:0005E929  1454 0001:0005E931
  1455 0001:0005E94F  1456 0001:0005E966  1457 0001:0005E980  1481 0001:0005E984
  1482 0001:0005E990  1483 0001:0005E9A2  1484 0001:0005E9AA  1486 0001:0005E9C0
  1487 0001:0005E9CD  1488 0001:0005E9D3  1489 0001:0005E9D7  1490 0001:0005E9DF
  1491 0001:0005E9E2  1484 0001:0005E9E5  1492 0001:0005E9EA  1500 0001:0005E9F0
  1501 0001:0005EA15  1502 0001:0005EA1D  1503 0001:0005EA22  1504 0001:0005EA28
  1507 0001:0005EA37  1508 0001:0005EA3A  1509 0001:0005EA56  1513 0001:0005EA5B
  1514 0001:0005EA5E  1515 0001:0005EA69  1518 0001:0005EA6C  1519 0001:0005EA71
  1521 0001:0005EA75  1523 0001:0005EA8A  1526 0001:0005EA96  1527 0001:0005EAA4
  1528 0001:0005EAA7  1532 0001:0005EAB6  1533 0001:0005EAC4  1534 0001:0005EAC7
  1538 0001:0005EAD6  1539 0001:0005EAE4  1542 0001:0005EAE7  1546 0001:0005EB0E
  1548 0001:0005EB14  1550 0001:0005EB1A  1552 0001:0005EB20  1554 0001:0005EB24
  1555 0001:0005EB31  1556 0001:0005EB34  1557 0001:0005EB37  1558 0001:0005EB44
  1559 0001:0005EB4F  1560 0001:0005EB82  2006 0001:0005EB88  2007 0001:0005EBA3
  2008 0001:0005EBAC  2009 0001:0005EBB5  2010 0001:0005EBD8  2017 0001:0005EBE0
  2018 0001:0005EBE9  2020 0001:0005EBF6  2021 0001:0005EBFB  2022 0001:0005EC00
  2023 0001:0005EC05  2024 0001:0005EC0A  2027 0001:0005EC26  2028 0001:0005EC2C
  2029 0001:0005EC3A  2030 0001:0005EC40  2032 0001:0005EC48  2033 0001:0005EC4E
  2035 0001:0005EC57  2036 0001:0005EC67  2038 0001:0005EC84  2039 0001:0005EC93
  2040 0001:0005ECA3  2025 0001:0005ECA6  2042 0001:0005ECBC  2044 0001:0005ECD9
  2051 0001:0005ECE0  2052 0001:0005ECE9  2054 0001:0005ECF6  2055 0001:0005ECFB
  2056 0001:0005ED00  2057 0001:0005ED05  2058 0001:0005ED0A  2059 0001:0005ED0F
  2062 0001:0005ED2B  2063 0001:0005ED31  2064 0001:0005ED3F  2065 0001:0005ED45
  2066 0001:0005ED53  2067 0001:0005ED59  2069 0001:0005ED61  2070 0001:0005ED67
  2072 0001:0005ED70  2073 0001:0005ED80  2075 0001:0005ED9D  2076 0001:0005EDAF
  2077 0001:0005EDC2  2078 0001:0005EDD5  2060 0001:0005EDD8  2080 0001:0005EDEE
  2082 0001:0005EE0B  2091 0001:0005EE10  2092 0001:0005EE19  2093 0001:0005EE25
  2094 0001:0005EE2B  2097 0001:0005EE86  2099 0001:0005EE98  2100 0001:0005EEA3
  2101 0001:0005EEB3  2103 0001:0005EEBB  2104 0001:0005EEC3  2101 0001:0005EEC7
  2106 0001:0005EECF  2107 0001:0005EEE0  2109 0001:0005EEF2  2118 0001:0005EEF8
  2119 0001:0005EF07  2120 0001:0005EF0D  2123 0001:0005EF17  2124 0001:0005EF33
  2126 0001:0005EF3E  2129 0001:0005EF44  2130 0001:0005EF50  2131 0001:0005EF67
  2134 0001:0005EF6C  2135 0001:0005EF8E  2136 0001:0005EFD9  2150 0001:0005EFE0
  2151 0001:0005EFEF  2152 0001:0005EFFD  2153 0001:0005F002  2154 0001:0005F009
  2156 0001:0005F012  2157 0001:0005F01A  2158 0001:0005F032  2160 0001:0005F043
  2162 0001:0005F058  2163 0001:0005F068  2165 0001:0005F07C  2166 0001:0005F081
  2157 0001:0005F084  2170 0001:0005F08C  2171 0001:0005F0A3  2172 0001:0005F0A8
  2175 0001:0005F0AF  2176 0001:0005F0B5  2178 0001:0005F0BD  2180 0001:0005F0C5
  2181 0001:0005F0CA  2183 0001:0005F0D1  2187 0001:0005F0D3  2188 0001:0005F0D9
  2189 0001:0005F0E7  2190 0001:0005F0ED  2173 0001:0005F0F8  2194 0001:0005F10A
  2195 0001:0005F113  2198 0001:0005F118  2199 0001:0005F124  2200 0001:0005F136
  2207 0001:0005F13C  2208 0001:0005F14B  2209 0001:0005F162  2210 0001:0005F167
  2213 0001:0005F16E  2214 0001:0005F174  2218 0001:0005F17C  2219 0001:0005F18A
  2211 0001:0005F190  2222 0001:0005F1A2  2223 0001:0005F1B0  2230 0001:0005F1B4
  2231 0001:0005F1C0  2232 0001:0005F1D7  2233 0001:0005F1DC  2236 0001:0005F1E5
  2237 0001:0005F1EB  2241 0001:0005F1F3  2242 0001:0005F201  2234 0001:0005F207
  2245 0001:0005F219  2246 0001:0005F222  2260 0001:0005F228  2261 0001:0005F24B
  2262 0001:0005F259  2263 0001:0005F25E  2264 0001:0005F263  2265 0001:0005F26A
  2267 0001:0005F277  2268 0001:0005F27F  2269 0001:0005F297  2271 0001:0005F2AB
  2273 0001:0005F2C3  2274 0001:0005F2D6  2275 0001:0005F2E9  2277 0001:0005F300
  2278 0001:0005F305  2268 0001:0005F308  2282 0001:0005F313  2283 0001:0005F32A
  2284 0001:0005F32F  2287 0001:0005F336  2288 0001:0005F33C  2290 0001:0005F344
  2292 0001:0005F34C  2293 0001:0005F351  2294 0001:0005F356  2296 0001:0005F35D
  2300 0001:0005F35F  2301 0001:0005F365  2302 0001:0005F373  2303 0001:0005F379
  2304 0001:0005F387  2305 0001:0005F38D  2285 0001:0005F398  2309 0001:0005F3AA
  2311 0001:0005F3B0  2312 0001:0005F3BE  2313 0001:0005F3C4  2316 0001:0005F3EE
  2317 0001:0005F413  2324 0001:0005F428  2325 0001:0005F437  2326 0001:0005F43C
  2328 0001:0005F441  2329 0001:0005F44B  2330 0001:0005F450  2331 0001:0005F462
  2332 0001:0005F466  2333 0001:0005F46C  2334 0001:0005F474  2335 0001:0005F484
  2342 0001:0005F488  2343 0001:0005F497  2344 0001:0005F4A5  2345 0001:0005F4BC
  2346 0001:0005F4C1  2347 0001:0005F4C6  2350 0001:0005F4CD  2351 0001:0005F4D3
  2353 0001:0005F4DB  2354 0001:0005F4E3  2355 0001:0005F4E8  2359 0001:0005F4EA
  2360 0001:0005F4F0  2361 0001:0005F4FE  2348 0001:0005F504  2364 0001:0005F516
  2365 0001:0005F524  2370 0001:0005F528  2371 0001:0005F543  2372 0001:0005F567
  2375 0001:0005F56C  2376 0001:0005F578  2377 0001:0005F586  2380 0001:0005F58C
  2381 0001:0005F598  2382 0001:0005F5AC  2391 0001:0005F5B0  2392 0001:0005F5B3
  2393 0001:0005F5BC  2394 0001:0005F5CD  2402 0001:0005F5D0  2403 0001:0005F5DF
  2405 0001:0005F5E6  2406 0001:0005F5FB  2407 0001:0005F609  2408 0001:0005F614
  2410 0001:0005F61E  2412 0001:0005F635  2413 0001:0005F63D  2415 0001:0005F647
  2403 0001:0005F64A  2416 0001:0005F653  2422 0001:0005F65C  2423 0001:0005F668
  2424 0001:0005F66D  2426 0001:0005F673  2428 0001:0005F689  2429 0001:0005F697
  2431 0001:0005F6A2  2432 0001:0005F6A8  2434 0001:0005F6AA  2426 0001:0005F6AD
  2435 0001:0005F6B2  2437 0001:0005F6B8  2438 0001:0005F6C6  2439 0001:0005F6CC
  2441 0001:0005F6DA  2444 0001:0005F6E0  2445 0001:0005F6EC  2446 0001:0005F6FD
  2451 0001:0005F704  2452 0001:0005F714  2453 0001:0005F723  2454 0001:0005F738
  2455 0001:0005F73E  2457 0001:0005F751  2458 0001:0005F758  2463 0001:0005F760
  2464 0001:0005F771  2465 0001:0005F77C  2466 0001:0005F798  2471 0001:0005F79C
  2472 0001:0005F7C5  2473 0001:0005F7D3  2475 0001:0005F7DC  2476 0001:0005F7F8
  2477 0001:0005F803  2479 0001:0005F809  2480 0001:0005F811  2481 0001:0005F834
  2482 0001:0005F84B  2483 0001:0005F867  2486 0001:0005F895  2491 0001:0005F89C
  2492 0001:0005F8BB  2493 0001:0005F8D6  2494 0001:0005F8E1  2495 0001:0005F8E7
  2496 0001:0005F921  2501 0001:0005F938  2502 0001:0005F949  2503 0001:0005F954
  2504 0001:0005F95F  2505 0001:0005F97B  2510 0001:0005F980  2511 0001:0005F9A9
  2512 0001:0005F9B7  2514 0001:0005F9C0  2515 0001:0005F9DC  2516 0001:0005F9E7
  2518 0001:0005F9ED  2519 0001:0005F9F5  2520 0001:0005FA18  2521 0001:0005FA2F
  2522 0001:0005FA4B  2525 0001:0005FA79  2531 0001:0005FA80  2532 0001:0005FAA2
  2533 0001:0005FAA6  2534 0001:0005FAC1  2535 0001:0005FAC7  2538 0001:0005FAE6
  2539 0001:0005FB01  2540 0001:0005FB0C  2542 0001:0005FB12  2543 0001:0005FB29
  2546 0001:0005FB2D  2548 0001:0005FB33  2549 0001:0005FB4D  2552 0001:0005FBB2
  2557 0001:0005FBDC  2558 0001:0005FBED  2559 0001:0005FBF8  2560 0001:0005FC14
  2569 0001:0005FC18  2570 0001:0005FC44  2571 0001:0005FC48  2572 0001:0005FC54
  2573 0001:0005FC62  2574 0001:0005FC6A  2575 0001:0005FC72  2577 0001:0005FC80
  2578 0001:0005FC8C  2579 0001:0005FC9F  2581 0001:0005FCB6  2583 0001:0005FCBC
  2584 0001:0005FCDD  2585 0001:0005FCF4  2589 0001:0005FCFD  2592 0001:0005FD2D
  2593 0001:0005FD47  2595 0001:0005FD50  2596 0001:0005FD6C  2597 0001:0005FD72
  2598 0001:0005FD88  2600 0001:0005FD9F  2604 0001:0005FDA5  2605 0001:0005FDC6
  2606 0001:0005FDDD  2610 0001:0005FDE1  2612 0001:0005FDE7  2613 0001:0005FDEF
  2614 0001:0005FDF8  2616 0001:0005FDFA  2578 0001:0005FDFD  2618 0001:0005FE34
  2621 0001:0005FE48  2622 0001:0005FE51  2623 0001:0005FE65  2624 0001:0005FE76
  2625 0001:0005FEA2  2630 0001:0005FEA8  2631 0001:0005FEB9  2632 0001:0005FEC4
  2633 0001:0005FEE0  2638 0001:0005FEE4  2639 0001:0005FF0D  2640 0001:0005FF1B
  2641 0001:0005FF40  2642 0001:0005FF4B  2645 0001:0005FF55  2646 0001:0005FF5D
  2647 0001:0005FF89  2648 0001:0005FFA9  2649 0001:0005FFCE  2651 0001:0005FFFC
  2654 0001:00060004  2655 0001:00060010  2656 0001:00060024  2657 0001:00060032
  2658 0001:00060043  2660 0001:00060061  2662 0001:0006006D  2710 0001:00060074
  2711 0001:00060083  2712 0001:00060091  2713 0001:0006009B  2714 0001:000600A9
  2715 0001:000600AE  2717 0001:000600CB  2720 0001:000600EC  2722 0001:00060100
  2725 0001:00060108  2726 0001:00060117  2727 0001:00060125  2728 0001:0006012F
  2729 0001:0006013D  2730 0001:00060142  2732 0001:00060162  2735 0001:00060183
  2737 0001:0006018F  2745 0001:00060198  2746 0001:000601EF  2747 0001:000601F7
  2750 0001:0006020A  2752 0001:00060214  2754 0001:00060232  2756 0001:00060254
  2757 0001:0006025C  2759 0001:00060262  2760 0001:00060268  2762 0001:00060287
  2764 0001:000602A6  2769 0001:00060319  2770 0001:0006031F  2771 0001:0006033C
  2772 0001:00060342  2774 0001:0006039D  2778 0001:000603E8  2779 0001:00060405
  2781 0001:00060411  2782 0001:0006041C  2783 0001:00060422  2784 0001:00060447
  2785 0001:0006044D  2786 0001:000604A2  2788 0001:000604F7  2950 0001:000605B4
  2951 0001:000605CC  2952 0001:000605D8  2953 0001:000605E3  2954 0001:0006060A
  2983 0001:00060670  2984 0001:00060681  2985 0001:0006068C  2986 0001:0006069A
  2987 0001:000606B0  2986 0001:000606C3  2989 0001:000606D5  2991 0001:000606E5
  2992 0001:00060701  2997 0001:00060708  2998 0001:00060714  2999 0001:0006071F
  3000 0001:0006072D  3001 0001:00060748  3003 0001:0006074E  3004 0001:00060759
  3006 0001:00060761  3008 0001:00060779  3010 0001:00060789  3016 0001:00060790
  3017 0001:0006079F  3018 0001:000607A4  3019 0001:000607AF  3020 0001:000607BD
  3021 0001:000607D5  3022 0001:000607DE  3024 0001:000607F4  3025 0001:00060802
  3027 0001:0006081C  3028 0001:00060822  3030 0001:00060824  3022 0001:00060827
  3032 0001:00060839  3034 0001:0006084C  3037 0001:00060850  3038 0001:00060859
  3039 0001:00060874  3092 0001:000608EC  3093 0001:00060904  3094 0001:00060931
  3097 0001:00060938  3098 0001:00060949  3099 0001:00060954  3100 0001:0006095F
  3101 0001:0006097B  3107 0001:00060980  3108 0001:00060989  3109 0001:00060994
  3110 0001:000609A2  3112 0001:000609AF  3113 0001:000609BE  3115 0001:000609D3
  3116 0001:000609E8  3117 0001:00060A02  3116 0001:00060A1B  3118 0001:00060A20
  3119 0001:00060A29  3122 0001:00060A34  3124 0001:00060A4A  3126 0001:00060A60
  3129 0001:00060A64  3130 0001:00060A70  3131 0001:00060A7B  3132 0001:00060A89
  3133 0001:00060A96  3135 0001:00060AAB  3137 0001:00060ABE  3161 0001:00060AC4
  3162 0001:00060AD0  3163 0001:00060AD9  3165 0001:00060AE9  3166 0001:00060AFA
  3171 0001:00060B00  3172 0001:00060B0C  3173 0001:00060B13  3174 0001:00060B19
  3176 0001:00060B22  3179 0001:00060B27  3180 0001:00060B3C  3182 0001:00060B55
  3183 0001:00060B5B  3184 0001:00060B5D  3179 0001:00060B60  3185 0001:00060B65
  3186 0001:00060B6B  3187 0001:00060B7C  3186 0001:00060B8A  3189 0001:00060B8F
  3198 0001:00060B94  3199 0001:00060BA3  3200 0001:00060BB0  3201 0001:00060BB6
  3203 0001:00060BBF  3204 0001:00060BC6  3205 0001:00060BCC  3207 0001:00060BD4
  3208 0001:00060BD9  3209 0001:00060BEF  3212 0001:00060BF4  3213 0001:00060BF8
  3214 0001:00060C08  3220 0001:00060C0C  3221 0001:00060C1B  3222 0001:00060C23
  3223 0001:00060C2B  3224 0001:00060C31  3226 0001:00060C4E  3229 0001:00060C54
  3230 0001:00060C63  3231 0001:00060C7D  3232 0001:00060C8D  3236 0001:00060C94
  3237 0001:00060C9D  3238 0001:00060CA9  3250 0001:00060CB0  3251 0001:00060CCB
  3252 0001:00060CD5  3253 0001:00060CDE  3254 0001:00060CE9  3255 0001:00060CF9
  3257 0001:00060CFF  3258 0001:00060D0E  3259 0001:00060D17  3261 0001:00060D22
  3262 0001:00060D28  3264 0001:00060D32  3265 0001:00060D55  3268 0001:00060D5C
  3269 0001:00060D6D  3270 0001:00060D7D  3271 0001:00060D99  3277 0001:00060DA0
  3278 0001:00060DC3  3279 0001:00060DCB  3280 0001:00060DD9  3281 0001:00060DEF
  3282 0001:00060E21  3280 0001:00060E24  3284 0001:00060E36  3286 0001:00060E63
  3289 0001:00060E6C  3290 0001:00060E78  3291 0001:00060E89  3298 0001:00060E90
  3306 0001:00060EA4  3308 0001:00060ED6  3309 0001:00060EDC  3310 0001:00060EE7
  3311 0001:00060EF5  3313 0001:00060F02  3314 0001:00060F19  3316 0001:00060F2B
  3317 0001:00060F38  3318 0001:00060F4A  3320 0001:00060F5C  3321 0001:00060F68
  3322 0001:00060F6C  3325 0001:00060F6E  3302 0001:00060F7A  3327 0001:00060F8F
  3328 0001:00060F96  3337 0001:00060F9C  3338 0001:00060FAA  3340 0001:00060FBB
  3341 0001:00060FCA  3342 0001:00060FDC  3344 0001:00060FE7  3350 0001:00060FF0
  3352 0001:00060FF9  3354 0001:00060FFE  3358 0001:00061006  3361 0001:00061012
  3360 0001:0006101D  3362 0001:0006102F  3370 0001:00061034  3372 0001:0006103D
  3375 0001:00061048  3377 0001:00061057  3379 0001:0006105C  3384 0001:00061067
  3387 0001:00061085  3389 0001:00061090  3391 0001:00061098  3393 0001:0006109B
  3396 0001:000610A6  3381 0001:000610AA  3398 0001:000610B5  3413 0001:000610BC
  3415 0001:000610CE  3416 0001:000610D7  3417 0001:000610E0  3421 0001:00061110
  3423 0001:0006111A  3424 0001:00061128  3425 0001:00061130  3430 0001:00061138
  3431 0001:00061147  3433 0001:00061155  3434 0001:00061164  3436 0001:0006116F
  3437 0001:0006117E  3439 0001:00061189  3440 0001:00061198  3442 0001:000611A3
  3443 0001:000611B2  3445 0001:000611BD  3446 0001:000611CC  3448 0001:000611D7
  3453 0001:000611EA  3456 0001:000611F6  3467 0001:00061200  3468 0001:0006120C
  3469 0001:0006122E  3474 0001:00061234  3475 0001:0006123D  3476 0001:0006124F
  3477 0001:0006125F  3485 0001:00061264  3489 0001:00061267  3490 0001:00061271
  3493 0001:00061274  3494 0001:0006127D  3495 0001:00061285  3497 0001:00061296
  3498 0001:0006129E  3500 0001:000612B0  3501 0001:000612B5  3502 0001:000612C5
  3503 0001:000612D7  3504 0001:000612E5  3509 0001:000612EC  3510 0001:00061307
  3511 0001:00061311  3512 0001:0006131A  3513 0001:0006133D  3519 0001:00061344
  3520 0001:00061369  3521 0001:00061370  3523 0001:0006137D  3524 0001:0006138E
  3526 0001:00061398  3527 0001:000613A3  3529 0001:000613B4  3530 0001:000613C5
  3532 0001:000613CE  3533 0001:000613DF  3535 0001:000613E8  3536 0001:000613F9
  3538 0001:00061402  3539 0001:00061413  3543 0001:0006143D  3609 0001:000614C4
  3610 0001:000614DF  3611 0001:000614E9  3612 0001:000614F2  3613 0001:00061515
  3616 0001:0006151C  3617 0001:0006152B  3618 0001:0006153D  3619 0001:0006154B
  3621 0001:00061565  3622 0001:00061570  3623 0001:00061578  3625 0001:00061585
  3637 0001:0006158C  3638 0001:00061595  3639 0001:0006159D  3640 0001:000615AA
  3641 0001:000615B8  3642 0001:000615BD  3645 0001:000615C7  3646 0001:000615E4
  3647 0001:000615EF  3648 0001:000615F2  3643 0001:000615FA  3651 0001:0006160D
  3653 0001:00061622  3661 0001:00061628  3662 0001:00061637  3664 0001:00061640
  3665 0001:00061649  3666 0001:00061657  3667 0001:00061660  3669 0001:00061665
  3672 0001:0006166C  3673 0001:00061670  3674 0001:00061679  3677 0001:0006167F
  3678 0001:000616A1  3680 0001:000616AC  3683 0001:000616B0  3684 0001:000616B4
  3686 0001:000616BD  3687 0001:000616CA  3690 0001:000616D3  3691 0001:000616DA
  4026 0001:000616E0  4027 0001:00061702  4028 0001:0006170C  4029 0001:00061716
  4030 0001:00061720  4031 0001:0006172A  4090 0001:000617B2  4017 0001:000617B4
  4018 0001:000617C0  4019 0001:000617D1  4020 0001:000617E2  4022 0001:000617F3

Line numbers for StackTrackDemoMain(StackTrackDemoMain.pas) segment .text

    48 0001:00061A98    49 0001:00061AA4    50 0001:00061AAA    53 0001:00061AB0
    54 0001:00061ABD    55 0001:00061ADB    59 0001:00061AEC    60 0001:00061AF2
    63 0001:00061AF4    64 0001:00061B00    65 0001:00061B05    68 0001:00061B0C
    69 0001:00061B19    70 0001:00061B32    77 0001:00061B38    79 0001:00061B5B
    82 0001:00061B86    85 0001:00061BA2    88 0001:00061BB8    89 0001:00061BE4
   108 0001:00061BEC   110 0001:00061C1F    95 0001:00061C24    98 0001:00061C30
   100 0001:00061C38   103 0001:00061C40   105 0001:00061C45

Line numbers for StackTrackExample(C:\Projetos\Componentes\JEDI\jcl\examples\windows\debug\stacktrack\StackTrackExample.dpr) segment .text

     9 0001:00061F30    10 0001:00061F40    11 0001:00061F4C    12 0001:00061F64
    13 0001:00061F70

Bound resource files

c:\program files (x86)\borland\delphi7\Lib\Buttons.res
c:\program files (x86)\borland\delphi7\Lib\ExtDlgs.res
c:\program files (x86)\borland\delphi7\Lib\Controls.res
StackTrackDemoMain.DFM
StackTrackExample.RES
StackTrackExample.drf


Program entry point at 0001:00061F30
